07:30:35 **** Clean-only build of configuration Debug for project ADC_Config_uC ****
make -j24 clean 
make: *** No rule to make target 'clean'.  Stop.
"make -j24 clean" terminated with exit code 2. Build might be incomplete.
07:30:36 **** Build of configuration Debug for project ADC_Config_uC ****
make -j24 all 
arm-none-eabi-gcc "../Drivers/STM32F0xx_HAL_Driver/Src/stm32f0xx_hal.c" -mcpu=cortex-m0 -std=gnu11 -g3 -DUSE_HAL_DRIVER -DSTM32F030x6 -DDEBUG -c -I../Drivers/STM32F0xx_HAL_Driver/Inc -I../Drivers/CMSIS/Include -I../Core/Inc -I../Drivers/STM32F0xx_HAL_Driver/Inc/Legacy -I../Drivers/CMSIS/Device/ST/STM32F0xx/Include -O0 -ffunction-sections -fdata-sections -Wall -fstack-usage -MMD -MP -MF"Drivers/STM32F0xx_HAL_Driver/Src/stm32f0xx_hal.d" -MT"Drivers/STM32F0xx_HAL_Driver/Src/stm32f0xx_hal.o" --specs=nano.specs -mfloat-abi=soft -mthumb -o "Drivers/STM32F0xx_HAL_Driver/Src/stm32f0xx_hal.o"
arm-none-eabi-gcc "../Drivers/STM32F0xx_HAL_Driver/Src/stm32f0xx_hal_cortex.c" -mcpu=cortex-m0 -std=gnu11 -g3 -DUSE_HAL_DRIVER -DSTM32F030x6 -DDEBUG -c -I../Drivers/STM32F0xx_HAL_Driver/Inc -I../Drivers/CMSIS/Include -I../Core/Inc -I../Drivers/STM32F0xx_HAL_Driver/Inc/Legacy -I../Drivers/CMSIS/Device/ST/STM32F0xx/Include -O0 -ffunction-sections -fdata-sections -Wall -fstack-usage -MMD -MP -MF"Drivers/STM32F0xx_HAL_Driver/Src/stm32f0xx_hal_cortex.d" -MT"Drivers/STM32F0xx_HAL_Driver/Src/stm32f0xx_hal_cortex.o" --specs=nano.specs -mfloat-abi=soft -mthumb -o "Drivers/STM32F0xx_HAL_Driver/Src/stm32f0xx_hal_cortex.o"
arm-none-eabi-gcc "../Drivers/STM32F0xx_HAL_Driver/Src/stm32f0xx_hal_dma.c" -mcpu=cortex-m0 -std=gnu11 -g3 -DUSE_HAL_DRIVER -DSTM32F030x6 -DDEBUG -c -I../Drivers/STM32F0xx_HAL_Driver/Inc -I../Drivers/CMSIS/Include -I../Core/Inc -I../Drivers/STM32F0xx_HAL_Driver/Inc/Legacy -I../Drivers/CMSIS/Device/ST/STM32F0xx/Include -O0 -ffunction-sections -fdata-sections -Wall -fstack-usage -MMD -MP -MF"Drivers/STM32F0xx_HAL_Driver/Src/stm32f0xx_hal_dma.d" -MT"Drivers/STM32F0xx_HAL_Driver/Src/stm32f0xx_hal_dma.o" --specs=nano.specs -mfloat-abi=soft -mthumb -o "Drivers/STM32F0xx_HAL_Driver/Src/stm32f0xx_hal_dma.o"
arm-none-eabi-gcc "../Drivers/STM32F0xx_HAL_Driver/Src/stm32f0xx_hal_exti.c" -mcpu=cortex-m0 -std=gnu11 -g3 -DUSE_HAL_DRIVER -DSTM32F030x6 -DDEBUG -c -I../Drivers/STM32F0xx_HAL_Driver/Inc -I../Drivers/CMSIS/Include -I../Core/Inc -I../Drivers/STM32F0xx_HAL_Driver/Inc/Legacy -I../Drivers/CMSIS/Device/ST/STM32F0xx/Include -O0 -ffunction-sections -fdata-sections -Wall -fstack-usage -MMD -MP -MF"Drivers/STM32F0xx_HAL_Driver/Src/stm32f0xx_hal_exti.d" -MT"Drivers/STM32F0xx_HAL_Driver/Src/stm32f0xx_hal_exti.o" --specs=nano.specs -mfloat-abi=soft -mthumb -o "Drivers/STM32F0xx_HAL_Driver/Src/stm32f0xx_hal_exti.o"
arm-none-eabi-gcc "../Drivers/STM32F0xx_HAL_Driver/Src/stm32f0xx_hal_flash.c" -mcpu=cortex-m0 -std=gnu11 -g3 -DUSE_HAL_DRIVER -DSTM32F030x6 -DDEBUG -c -I../Drivers/STM32F0xx_HAL_Driver/Inc -I../Drivers/CMSIS/Include -I../Core/Inc -I../Drivers/STM32F0xx_HAL_Driver/Inc/Legacy -I../Drivers/CMSIS/Device/ST/STM32F0xx/Include -O0 -ffunction-sections -fdata-sections -Wall -fstack-usage -MMD -MP -MF"Drivers/STM32F0xx_HAL_Driver/Src/stm32f0xx_hal_flash.d" -MT"Drivers/STM32F0xx_HAL_Driver/Src/stm32f0xx_hal_flash.o" --specs=nano.specs -mfloat-abi=soft -mthumb -o "Drivers/STM32F0xx_HAL_Driver/Src/stm32f0xx_hal_flash.o"
arm-none-eabi-gcc "../Drivers/STM32F0xx_HAL_Driver/Src/stm32f0xx_hal_flash_ex.c" -mcpu=cortex-m0 -std=gnu11 -g3 -DUSE_HAL_DRIVER -DSTM32F030x6 -DDEBUG -c -I../Drivers/STM32F0xx_HAL_Driver/Inc -I../Drivers/CMSIS/Include -I../Core/Inc -I../Drivers/STM32F0xx_HAL_Driver/Inc/Legacy -I../Drivers/CMSIS/Device/ST/STM32F0xx/Include -O0 -ffunction-sections -fdata-sections -Wall -fstack-usage -MMD -MP -MF"Drivers/STM32F0xx_HAL_Driver/Src/stm32f0xx_hal_flash_ex.d" -MT"Drivers/STM32F0xx_HAL_Driver/Src/stm32f0xx_hal_flash_ex.o" --specs=nano.specs -mfloat-abi=soft -mthumb -o "Drivers/STM32F0xx_HAL_Driver/Src/stm32f0xx_hal_flash_ex.o"
arm-none-eabi-gcc "../Drivers/STM32F0xx_HAL_Driver/Src/stm32f0xx_hal_gpio.c" -mcpu=cortex-m0 -std=gnu11 -g3 -DUSE_HAL_DRIVER -DSTM32F030x6 -DDEBUG -c -I../Drivers/STM32F0xx_HAL_Driver/Inc -I../Drivers/CMSIS/Include -I../Core/Inc -I../Drivers/STM32F0xx_HAL_Driver/Inc/Legacy -I../Drivers/CMSIS/Device/ST/STM32F0xx/Include -O0 -ffunction-sections -fdata-sections -Wall -fstack-usage -MMD -MP -MF"Drivers/STM32F0xx_HAL_Driver/Src/stm32f0xx_hal_gpio.d" -MT"Drivers/STM32F0xx_HAL_Driver/Src/stm32f0xx_hal_gpio.o" --specs=nano.specs -mfloat-abi=soft -mthumb -o "Drivers/STM32F0xx_HAL_Driver/Src/stm32f0xx_hal_gpio.o"
arm-none-eabi-gcc "../Drivers/STM32F0xx_HAL_Driver/Src/stm32f0xx_hal_i2c.c" -mcpu=cortex-m0 -std=gnu11 -g3 -DUSE_HAL_DRIVER -DSTM32F030x6 -DDEBUG -c -I../Drivers/STM32F0xx_HAL_Driver/Inc -I../Drivers/CMSIS/Include -I../Core/Inc -I../Drivers/STM32F0xx_HAL_Driver/Inc/Legacy -I../Drivers/CMSIS/Device/ST/STM32F0xx/Include -O0 -ffunction-sections -fdata-sections -Wall -fstack-usage -MMD -MP -MF"Drivers/STM32F0xx_HAL_Driver/Src/stm32f0xx_hal_i2c.d" -MT"Drivers/STM32F0xx_HAL_Driver/Src/stm32f0xx_hal_i2c.o" --specs=nano.specs -mfloat-abi=soft -mthumb -o "Drivers/STM32F0xx_HAL_Driver/Src/stm32f0xx_hal_i2c.o"
arm-none-eabi-gcc "../Drivers/STM32F0xx_HAL_Driver/Src/stm32f0xx_hal_i2c_ex.c" -mcpu=cortex-m0 -std=gnu11 -g3 -DUSE_HAL_DRIVER -DSTM32F030x6 -DDEBUG -c -I../Drivers/STM32F0xx_HAL_Driver/Inc -I../Drivers/CMSIS/Include -I../Core/Inc -I../Drivers/STM32F0xx_HAL_Driver/Inc/Legacy -I../Drivers/CMSIS/Device/ST/STM32F0xx/Include -O0 -ffunction-sections -fdata-sections -Wall -fstack-usage -MMD -MP -MF"Drivers/STM32F0xx_HAL_Driver/Src/stm32f0xx_hal_i2c_ex.d" -MT"Drivers/STM32F0xx_HAL_Driver/Src/stm32f0xx_hal_i2c_ex.o" --specs=nano.specs -mfloat-abi=soft -mthumb -o "Drivers/STM32F0xx_HAL_Driver/Src/stm32f0xx_hal_i2c_ex.o"
arm-none-eabi-gcc "../Drivers/STM32F0xx_HAL_Driver/Src/stm32f0xx_hal_pwr.c" -mcpu=cortex-m0 -std=gnu11 -g3 -DUSE_HAL_DRIVER -DSTM32F030x6 -DDEBUG -c -I../Drivers/STM32F0xx_HAL_Driver/Inc -I../Drivers/CMSIS/Include -I../Core/Inc -I../Drivers/STM32F0xx_HAL_Driver/Inc/Legacy -I../Drivers/CMSIS/Device/ST/STM32F0xx/Include -O0 -ffunction-sections -fdata-sections -Wall -fstack-usage -MMD -MP -MF"Drivers/STM32F0xx_HAL_Driver/Src/stm32f0xx_hal_pwr.d" -MT"Drivers/STM32F0xx_HAL_Driver/Src/stm32f0xx_hal_pwr.o" --specs=nano.specs -mfloat-abi=soft -mthumb -o "Drivers/STM32F0xx_HAL_Driver/Src/stm32f0xx_hal_pwr.o"
arm-none-eabi-gcc "../Drivers/STM32F0xx_HAL_Driver/Src/stm32f0xx_hal_pwr_ex.c" -mcpu=cortex-m0 -std=gnu11 -g3 -DUSE_HAL_DRIVER -DSTM32F030x6 -DDEBUG -c -I../Drivers/STM32F0xx_HAL_Driver/Inc -I../Drivers/CMSIS/Include -I../Core/Inc -I../Drivers/STM32F0xx_HAL_Driver/Inc/Legacy -I../Drivers/CMSIS/Device/ST/STM32F0xx/Include -O0 -ffunction-sections -fdata-sections -Wall -fstack-usage -MMD -MP -MF"Drivers/STM32F0xx_HAL_Driver/Src/stm32f0xx_hal_pwr_ex.d" -MT"Drivers/STM32F0xx_HAL_Driver/Src/stm32f0xx_hal_pwr_ex.o" --specs=nano.specs -mfloat-abi=soft -mthumb -o "Drivers/STM32F0xx_HAL_Driver/Src/stm32f0xx_hal_pwr_ex.o"
arm-none-eabi-gcc "../Drivers/STM32F0xx_HAL_Driver/Src/stm32f0xx_hal_rcc.c" -mcpu=cortex-m0 -std=gnu11 -g3 -DUSE_HAL_DRIVER -DSTM32F030x6 -DDEBUG -c -I../Drivers/STM32F0xx_HAL_Driver/Inc -I../Drivers/CMSIS/Include -I../Core/Inc -I../Drivers/STM32F0xx_HAL_Driver/Inc/Legacy -I../Drivers/CMSIS/Device/ST/STM32F0xx/Include -O0 -ffunction-sections -fdata-sections -Wall -fstack-usage -MMD -MP -MF"Drivers/STM32F0xx_HAL_Driver/Src/stm32f0xx_hal_rcc.d" -MT"Drivers/STM32F0xx_HAL_Driver/Src/stm32f0xx_hal_rcc.o" --specs=nano.specs -mfloat-abi=soft -mthumb -o "Drivers/STM32F0xx_HAL_Driver/Src/stm32f0xx_hal_rcc.o"
arm-none-eabi-gcc "../Drivers/STM32F0xx_HAL_Driver/Src/stm32f0xx_hal_rcc_ex.c" -mcpu=cortex-m0 -std=gnu11 -g3 -DUSE_HAL_DRIVER -DSTM32F030x6 -DDEBUG -c -I../Drivers/STM32F0xx_HAL_Driver/Inc -I../Drivers/CMSIS/Include -I../Core/Inc -I../Drivers/STM32F0xx_HAL_Driver/Inc/Legacy -I../Drivers/CMSIS/Device/ST/STM32F0xx/Include -O0 -ffunction-sections -fdata-sections -Wall -fstack-usage -MMD -MP -MF"Drivers/STM32F0xx_HAL_Driver/Src/stm32f0xx_hal_rcc_ex.d" -MT"Drivers/STM32F0xx_HAL_Driver/Src/stm32f0xx_hal_rcc_ex.o" --specs=nano.specs -mfloat-abi=soft -mthumb -o "Drivers/STM32F0xx_HAL_Driver/Src/stm32f0xx_hal_rcc_ex.o"
arm-none-eabi-gcc "../Drivers/STM32F0xx_HAL_Driver/Src/stm32f0xx_hal_spi.c" -mcpu=cortex-m0 -std=gnu11 -g3 -DUSE_HAL_DRIVER -DSTM32F030x6 -DDEBUG -c -I../Drivers/STM32F0xx_HAL_Driver/Inc -I../Drivers/CMSIS/Include -I../Core/Inc -I../Drivers/STM32F0xx_HAL_Driver/Inc/Legacy -I../Drivers/CMSIS/Device/ST/STM32F0xx/Include -O0 -ffunction-sections -fdata-sections -Wall -fstack-usage -MMD -MP -MF"Drivers/STM32F0xx_HAL_Driver/Src/stm32f0xx_hal_spi.d" -MT"Drivers/STM32F0xx_HAL_Driver/Src/stm32f0xx_hal_spi.o" --specs=nano.specs -mfloat-abi=soft -mthumb -o "Drivers/STM32F0xx_HAL_Driver/Src/stm32f0xx_hal_spi.o"
arm-none-eabi-gcc "../Drivers/STM32F0xx_HAL_Driver/Src/stm32f0xx_hal_spi_ex.c" -mcpu=cortex-m0 -std=gnu11 -g3 -DUSE_HAL_DRIVER -DSTM32F030x6 -DDEBUG -c -I../Drivers/STM32F0xx_HAL_Driver/Inc -I../Drivers/CMSIS/Include -I../Core/Inc -I../Drivers/STM32F0xx_HAL_Driver/Inc/Legacy -I../Drivers/CMSIS/Device/ST/STM32F0xx/Include -O0 -ffunction-sections -fdata-sections -Wall -fstack-usage -MMD -MP -MF"Drivers/STM32F0xx_HAL_Driver/Src/stm32f0xx_hal_spi_ex.d" -MT"Drivers/STM32F0xx_HAL_Driver/Src/stm32f0xx_hal_spi_ex.o" --specs=nano.specs -mfloat-abi=soft -mthumb -o "Drivers/STM32F0xx_HAL_Driver/Src/stm32f0xx_hal_spi_ex.o"
arm-none-eabi-gcc "../Drivers/STM32F0xx_HAL_Driver/Src/stm32f0xx_hal_tim.c" -mcpu=cortex-m0 -std=gnu11 -g3 -DUSE_HAL_DRIVER -DSTM32F030x6 -DDEBUG -c -I../Drivers/STM32F0xx_HAL_Driver/Inc -I../Drivers/CMSIS/Include -I../Core/Inc -I../Drivers/STM32F0xx_HAL_Driver/Inc/Legacy -I../Drivers/CMSIS/Device/ST/STM32F0xx/Include -O0 -ffunction-sections -fdata-sections -Wall -fstack-usage -MMD -MP -MF"Drivers/STM32F0xx_HAL_Driver/Src/stm32f0xx_hal_tim.d" -MT"Drivers/STM32F0xx_HAL_Driver/Src/stm32f0xx_hal_tim.o" --specs=nano.specs -mfloat-abi=soft -mthumb -o "Drivers/STM32F0xx_HAL_Driver/Src/stm32f0xx_hal_tim.o"
arm-none-eabi-gcc "../Drivers/STM32F0xx_HAL_Driver/Src/stm32f0xx_hal_tim_ex.c" -mcpu=cortex-m0 -std=gnu11 -g3 -DUSE_HAL_DRIVER -DSTM32F030x6 -DDEBUG -c -I../Drivers/STM32F0xx_HAL_Driver/Inc -I../Drivers/CMSIS/Include -I../Core/Inc -I../Drivers/STM32F0xx_HAL_Driver/Inc/Legacy -I../Drivers/CMSIS/Device/ST/STM32F0xx/Include -O0 -ffunction-sections -fdata-sections -Wall -fstack-usage -MMD -MP -MF"Drivers/STM32F0xx_HAL_Driver/Src/stm32f0xx_hal_tim_ex.d" -MT"Drivers/STM32F0xx_HAL_Driver/Src/stm32f0xx_hal_tim_ex.o" --specs=nano.specs -mfloat-abi=soft -mthumb -o "Drivers/STM32F0xx_HAL_Driver/Src/stm32f0xx_hal_tim_ex.o"
arm-none-eabi-gcc "../Drivers/STM32F0xx_HAL_Driver/Src/stm32f0xx_hal_uart.c" -mcpu=cortex-m0 -std=gnu11 -g3 -DUSE_HAL_DRIVER -DSTM32F030x6 -DDEBUG -c -I../Drivers/STM32F0xx_HAL_Driver/Inc -I../Drivers/CMSIS/Include -I../Core/Inc -I../Drivers/STM32F0xx_HAL_Driver/Inc/Legacy -I../Drivers/CMSIS/Device/ST/STM32F0xx/Include -O0 -ffunction-sections -fdata-sections -Wall -fstack-usage -MMD -MP -MF"Drivers/STM32F0xx_HAL_Driver/Src/stm32f0xx_hal_uart.d" -MT"Drivers/STM32F0xx_HAL_Driver/Src/stm32f0xx_hal_uart.o" --specs=nano.specs -mfloat-abi=soft -mthumb -o "Drivers/STM32F0xx_HAL_Driver/Src/stm32f0xx_hal_uart.o"
arm-none-eabi-gcc "../Drivers/STM32F0xx_HAL_Driver/Src/stm32f0xx_hal_uart_ex.c" -mcpu=cortex-m0 -std=gnu11 -g3 -DUSE_HAL_DRIVER -DSTM32F030x6 -DDEBUG -c -I../Drivers/STM32F0xx_HAL_Driver/Inc -I../Drivers/CMSIS/Include -I../Core/Inc -I../Drivers/STM32F0xx_HAL_Driver/Inc/Legacy -I../Drivers/CMSIS/Device/ST/STM32F0xx/Include -O0 -ffunction-sections -fdata-sections -Wall -fstack-usage -MMD -MP -MF"Drivers/STM32F0xx_HAL_Driver/Src/stm32f0xx_hal_uart_ex.d" -MT"Drivers/STM32F0xx_HAL_Driver/Src/stm32f0xx_hal_uart_ex.o" --specs=nano.specs -mfloat-abi=soft -mthumb -o "Drivers/STM32F0xx_HAL_Driver/Src/stm32f0xx_hal_uart_ex.o"
arm-none-eabi-gcc -mcpu=cortex-m0 -g3 -c -x assembler-with-cpp -MMD -MP -MF"Core/Startup/startup_stm32f030f4px.d" -MT"Core/Startup/startup_stm32f030f4px.o" --specs=nano.specs -mfloat-abi=soft -mthumb -o "Core/Startup/startup_stm32f030f4px.o" "../Core/Startup/startup_stm32f030f4px.s"
arm-none-eabi-gcc "../Core/Src/AD7779.c" -mcpu=cortex-m0 -std=gnu11 -g3 -DUSE_HAL_DRIVER -DSTM32F030x6 -DDEBUG -c -I../Drivers/STM32F0xx_HAL_Driver/Inc -I../Drivers/CMSIS/Include -I../Core/Inc -I../Drivers/STM32F0xx_HAL_Driver/Inc/Legacy -I../Drivers/CMSIS/Device/ST/STM32F0xx/Include -O0 -ffunction-sections -fdata-sections -Wall -fstack-usage -MMD -MP -MF"Core/Src/AD7779.d" -MT"Core/Src/AD7779.o" --specs=nano.specs -mfloat-abi=soft -mthumb -o "Core/Src/AD7779.o"
arm-none-eabi-gcc "../Core/Src/main.c" -mcpu=cortex-m0 -std=gnu11 -g3 -DUSE_HAL_DRIVER -DSTM32F030x6 -DDEBUG -c -I../Drivers/STM32F0xx_HAL_Driver/Inc -I../Drivers/CMSIS/Include -I../Core/Inc -I../Drivers/STM32F0xx_HAL_Driver/Inc/Legacy -I../Drivers/CMSIS/Device/ST/STM32F0xx/Include -O0 -ffunction-sections -fdata-sections -Wall -fstack-usage -MMD -MP -MF"Core/Src/main.d" -MT"Core/Src/main.o" --specs=nano.specs -mfloat-abi=soft -mthumb -o "Core/Src/main.o"
arm-none-eabi-gcc "../Core/Src/stm32f0xx_hal_msp.c" -mcpu=cortex-m0 -std=gnu11 -g3 -DUSE_HAL_DRIVER -DSTM32F030x6 -DDEBUG -c -I../Drivers/STM32F0xx_HAL_Driver/Inc -I../Drivers/CMSIS/Include -I../Core/Inc -I../Drivers/STM32F0xx_HAL_Driver/Inc/Legacy -I../Drivers/CMSIS/Device/ST/STM32F0xx/Include -O0 -ffunction-sections -fdata-sections -Wall -fstack-usage -MMD -MP -MF"Core/Src/stm32f0xx_hal_msp.d" -MT"Core/Src/stm32f0xx_hal_msp.o" --specs=nano.specs -mfloat-abi=soft -mthumb -o "Core/Src/stm32f0xx_hal_msp.o"
arm-none-eabi-gcc "../Core/Src/stm32f0xx_it.c" -mcpu=cortex-m0 -std=gnu11 -g3 -DUSE_HAL_DRIVER -DSTM32F030x6 -DDEBUG -c -I../Drivers/STM32F0xx_HAL_Driver/Inc -I../Drivers/CMSIS/Include -I../Core/Inc -I../Drivers/STM32F0xx_HAL_Driver/Inc/Legacy -I../Drivers/CMSIS/Device/ST/STM32F0xx/Include -O0 -ffunction-sections -fdata-sections -Wall -fstack-usage -MMD -MP -MF"Core/Src/stm32f0xx_it.d" -MT"Core/Src/stm32f0xx_it.o" --specs=nano.specs -mfloat-abi=soft -mthumb -o "Core/Src/stm32f0xx_it.o"
arm-none-eabi-gcc "../Core/Src/syscalls.c" -mcpu=cortex-m0 -std=gnu11 -g3 -DUSE_HAL_DRIVER -DSTM32F030x6 -DDEBUG -c -I../Drivers/STM32F0xx_HAL_Driver/Inc -I../Drivers/CMSIS/Include -I../Core/Inc -I../Drivers/STM32F0xx_HAL_Driver/Inc/Legacy -I../Drivers/CMSIS/Device/ST/STM32F0xx/Include -O0 -ffunction-sections -fdata-sections -Wall -fstack-usage -MMD -MP -MF"Core/Src/syscalls.d" -MT"Core/Src/syscalls.o" --specs=nano.specs -mfloat-abi=soft -mthumb -o "Core/Src/syscalls.o"
arm-none-eabi-gcc "../Core/Src/sysmem.c" -mcpu=cortex-m0 -std=gnu11 -g3 -DUSE_HAL_DRIVER -DSTM32F030x6 -DDEBUG -c -I../Drivers/STM32F0xx_HAL_Driver/Inc -I../Drivers/CMSIS/Include -I../Core/Inc -I../Drivers/STM32F0xx_HAL_Driver/Inc/Legacy -I../Drivers/CMSIS/Device/ST/STM32F0xx/Include -O0 -ffunction-sections -fdata-sections -Wall -fstack-usage -MMD -MP -MF"Core/Src/sysmem.d" -MT"Core/Src/sysmem.o" --specs=nano.specs -mfloat-abi=soft -mthumb -o "Core/Src/sysmem.o"
arm-none-eabi-gcc "../Core/Src/system_stm32f0xx.c" -mcpu=cortex-m0 -std=gnu11 -g3 -DUSE_HAL_DRIVER -DSTM32F030x6 -DDEBUG -c -I../Drivers/STM32F0xx_HAL_Driver/Inc -I../Drivers/CMSIS/Include -I../Core/Inc -I../Drivers/STM32F0xx_HAL_Driver/Inc/Legacy -I../Drivers/CMSIS/Device/ST/STM32F0xx/Include -O0 -ffunction-sections -fdata-sections -Wall -fstack-usage -MMD -MP -MF"Core/Src/system_stm32f0xx.d" -MT"Core/Src/system_stm32f0xx.o" --specs=nano.specs -mfloat-abi=soft -mthumb -o "Core/Src/system_stm32f0xx.o"
arm-none-eabi-gcc -o "ADC_Config_uC.elf" @"objects.list"   -mcpu=cortex-m0 -T"C:\Source\xmu\firmware\ADC_Config_uC\STM32F030F4PX_FLASH.ld" --specs=nosys.specs -Wl,-Map="ADC_Config_uC.map" -Wl,--gc-sections -static --specs=nano.specs -mfloat-abi=soft -mthumb -Wl,--start-group -lc -lm -Wl,--end-group
Finished building target: ADC_Config_uC.elf
 
arm-none-eabi-size   ADC_Config_uC.elf 
arm-none-eabi-objdump -h -S  ADC_Config_uC.elf  > "ADC_Config_uC.list"
arm-none-eabi-objcopy  -O binary  ADC_Config_uC.elf  "ADC_Config_uC.bin"
   text	   data	    bss	    dec	    hex	filename
  11736	     20	   1804	  13560	   34f8	ADC_Config_uC.elf
Finished building: default.size.stdout
 
Finished building: ADC_Config_uC.bin
 
Finished building: ADC_Config_uC.list
 
07:30:37 **** Clean-only build of configuration Debug for project xPmu_H7 ****
make -j24 clean 
rm -rf *
 
07:30:38 **** Build of configuration Debug for project xPmu_H7 ****
make -j24 all 
arm-none-eabi-gcc "../PMU/decimation_filter.c" -mcpu=cortex-m7 -std=gnu11 -g3 -DUSE_HAL_DRIVER -DSTM32H743xx -DDEBUG -c -I../Middlewares/Third_Party/FreeRTOS/Source/include -I../Middlewares/Third_Party/LwIP/src/include/lwip/priv -I../Middlewares/Third_Party/LwIP/src/include/netif/ppp -I../Drivers/STM32H7xx_HAL_Driver/Inc/Legacy -I../Middlewares/Third_Party/LwIP/src/include/lwip/prot -I../Middlewares/Third_Party/LwIP/src/include/lwip/apps -I../Middlewares/Third_Party/FreeRTOS/Source/CMSIS_RTOS_V2 -I../Middlewares/Third_Party/LwIP/system/arch -I../Middlewares/Third_Party/LwIP/src/include -I../Middlewares/Third_Party/FreeRTOS/Source/portable/GCC/ARM_CM4F -I../LWIP/App -I../Drivers/CMSIS/Include -I../PMU -I../Core/Inc -I../Drivers/CMSIS/Device/ST/STM32H7xx/Include -I../LWIP/Target -I../Middlewares/Third_Party/LwIP/src/include/lwip -I../Drivers/STM32H7xx_HAL_Driver/Inc -I../Middlewares/Third_Party/LwIP/system -I../Middlewares/Third_Party/LwIP/src/include/netif -I../Drivers/BSP/Components/lan8742 -I../Middlewares/Third_Party/LwIP/src/include/compat/posix -I../Middlewares/Third_Party/LwIP/src/include/compat/posix/arpa -I../Middlewares/Third_Party/LwIP/src/include/compat/posix/net -I../Middlewares/Third_Party/LwIP/src/include/compat/posix/sys -I../Middlewares/Third_Party/LwIP/src/include/compat/stdc -O0 -ffunction-sections -fdata-sections -Wall -fstack-usage -MMD -MP -MF"PMU/decimation_filter.d" -MT"PMU/decimation_filter.o" --specs=nano.specs -mfpu=fpv5-d16 -mfloat-abi=hard -mthumb -o "PMU/decimation_filter.o"
arm-none-eabi-gcc "../PMU/les_algorithm.c" -mcpu=cortex-m7 -std=gnu11 -g3 -DUSE_HAL_DRIVER -DSTM32H743xx -DDEBUG -c -I../Middlewares/Third_Party/FreeRTOS/Source/include -I../Middlewares/Third_Party/LwIP/src/include/lwip/priv -I../Middlewares/Third_Party/LwIP/src/include/netif/ppp -I../Drivers/STM32H7xx_HAL_Driver/Inc/Legacy -I../Middlewares/Third_Party/LwIP/src/include/lwip/prot -I../Middlewares/Third_Party/LwIP/src/include/lwip/apps -I../Middlewares/Third_Party/FreeRTOS/Source/CMSIS_RTOS_V2 -I../Middlewares/Third_Party/LwIP/system/arch -I../Middlewares/Third_Party/LwIP/src/include -I../Middlewares/Third_Party/FreeRTOS/Source/portable/GCC/ARM_CM4F -I../LWIP/App -I../Drivers/CMSIS/Include -I../PMU -I../Core/Inc -I../Drivers/CMSIS/Device/ST/STM32H7xx/Include -I../LWIP/Target -I../Middlewares/Third_Party/LwIP/src/include/lwip -I../Drivers/STM32H7xx_HAL_Driver/Inc -I../Middlewares/Third_Party/LwIP/system -I../Middlewares/Third_Party/LwIP/src/include/netif -I../Drivers/BSP/Components/lan8742 -I../Middlewares/Third_Party/LwIP/src/include/compat/posix -I../Middlewares/Third_Party/LwIP/src/include/compat/posix/arpa -I../Middlewares/Third_Party/LwIP/src/include/compat/posix/net -I../Middlewares/Third_Party/LwIP/src/include/compat/posix/sys -I../Middlewares/Third_Party/LwIP/src/include/compat/stdc -O0 -ffunction-sections -fdata-sections -Wall -fstack-usage -MMD -MP -MF"PMU/les_algorithm.d" -MT"PMU/les_algorithm.o" --specs=nano.specs -mfpu=fpv5-d16 -mfloat-abi=hard -mthumb -o "PMU/les_algorithm.o"
arm-none-eabi-gcc "../Middlewares/Third_Party/LwIP/src/netif/ppp/auth.c" -mcpu=cortex-m7 -std=gnu11 -g3 -DUSE_HAL_DRIVER -DSTM32H743xx -DDEBUG -c -I../Middlewares/Third_Party/FreeRTOS/Source/include -I../Middlewares/Third_Party/LwIP/src/include/lwip/priv -I../Middlewares/Third_Party/LwIP/src/include/netif/ppp -I../Drivers/STM32H7xx_HAL_Driver/Inc/Legacy -I../Middlewares/Third_Party/LwIP/src/include/lwip/prot -I../Middlewares/Third_Party/LwIP/src/include/lwip/apps -I../Middlewares/Third_Party/FreeRTOS/Source/CMSIS_RTOS_V2 -I../Middlewares/Third_Party/LwIP/system/arch -I../Middlewares/Third_Party/LwIP/src/include -I../Middlewares/Third_Party/FreeRTOS/Source/portable/GCC/ARM_CM4F -I../LWIP/App -I../Drivers/CMSIS/Include -I../PMU -I../Core/Inc -I../Drivers/CMSIS/Device/ST/STM32H7xx/Include -I../LWIP/Target -I../Middlewares/Third_Party/LwIP/src/include/lwip -I../Drivers/STM32H7xx_HAL_Driver/Inc -I../Middlewares/Third_Party/LwIP/system -I../Middlewares/Third_Party/LwIP/src/include/netif -I../Drivers/BSP/Components/lan8742 -I../Middlewares/Third_Party/LwIP/src/include/compat/posix -I../Middlewares/Third_Party/LwIP/src/include/compat/posix/arpa -I../Middlewares/Third_Party/LwIP/src/include/compat/posix/net -I../Middlewares/Third_Party/LwIP/src/include/compat/posix/sys -I../Middlewares/Third_Party/LwIP/src/include/compat/stdc -O0 -ffunction-sections -fdata-sections -Wall -fstack-usage -MMD -MP -MF"Middlewares/Third_Party/LwIP/src/netif/ppp/auth.d" -MT"Middlewares/Third_Party/LwIP/src/netif/ppp/auth.o" --specs=nano.specs -mfpu=fpv5-d16 -mfloat-abi=hard -mthumb -o "Middlewares/Third_Party/LwIP/src/netif/ppp/auth.o"
arm-none-eabi-gcc "../Middlewares/Third_Party/LwIP/src/netif/ppp/ccp.c" -mcpu=cortex-m7 -std=gnu11 -g3 -DUSE_HAL_DRIVER -DSTM32H743xx -DDEBUG -c -I../Middlewares/Third_Party/FreeRTOS/Source/include -I../Middlewares/Third_Party/LwIP/src/include/lwip/priv -I../Middlewares/Third_Party/LwIP/src/include/netif/ppp -I../Drivers/STM32H7xx_HAL_Driver/Inc/Legacy -I../Middlewares/Third_Party/LwIP/src/include/lwip/prot -I../Middlewares/Third_Party/LwIP/src/include/lwip/apps -I../Middlewares/Third_Party/FreeRTOS/Source/CMSIS_RTOS_V2 -I../Middlewares/Third_Party/LwIP/system/arch -I../Middlewares/Third_Party/LwIP/src/include -I../Middlewares/Third_Party/FreeRTOS/Source/portable/GCC/ARM_CM4F -I../LWIP/App -I../Drivers/CMSIS/Include -I../PMU -I../Core/Inc -I../Drivers/CMSIS/Device/ST/STM32H7xx/Include -I../LWIP/Target -I../Middlewares/Third_Party/LwIP/src/include/lwip -I../Drivers/STM32H7xx_HAL_Driver/Inc -I../Middlewares/Third_Party/LwIP/system -I../Middlewares/Third_Party/LwIP/src/include/netif -I../Drivers/BSP/Components/lan8742 -I../Middlewares/Third_Party/LwIP/src/include/compat/posix -I../Middlewares/Third_Party/LwIP/src/include/compat/posix/arpa -I../Middlewares/Third_Party/LwIP/src/include/compat/posix/net -I../Middlewares/Third_Party/LwIP/src/include/compat/posix/sys -I../Middlewares/Third_Party/LwIP/src/include/compat/stdc -O0 -ffunction-sections -fdata-sections -Wall -fstack-usage -MMD -MP -MF"Middlewares/Third_Party/LwIP/src/netif/ppp/ccp.d" -MT"Middlewares/Third_Party/LwIP/src/netif/ppp/ccp.o" --specs=nano.specs -mfpu=fpv5-d16 -mfloat-abi=hard -mthumb -o "Middlewares/Third_Party/LwIP/src/netif/ppp/ccp.o"
arm-none-eabi-gcc "../Middlewares/Third_Party/LwIP/src/netif/ppp/chap-md5.c" -mcpu=cortex-m7 -std=gnu11 -g3 -DUSE_HAL_DRIVER -DSTM32H743xx -DDEBUG -c -I../Middlewares/Third_Party/FreeRTOS/Source/include -I../Middlewares/Third_Party/LwIP/src/include/lwip/priv -I../Middlewares/Third_Party/LwIP/src/include/netif/ppp -I../Drivers/STM32H7xx_HAL_Driver/Inc/Legacy -I../Middlewares/Third_Party/LwIP/src/include/lwip/prot -I../Middlewares/Third_Party/LwIP/src/include/lwip/apps -I../Middlewares/Third_Party/FreeRTOS/Source/CMSIS_RTOS_V2 -I../Middlewares/Third_Party/LwIP/system/arch -I../Middlewares/Third_Party/LwIP/src/include -I../Middlewares/Third_Party/FreeRTOS/Source/portable/GCC/ARM_CM4F -I../LWIP/App -I../Drivers/CMSIS/Include -I../PMU -I../Core/Inc -I../Drivers/CMSIS/Device/ST/STM32H7xx/Include -I../LWIP/Target -I../Middlewares/Third_Party/LwIP/src/include/lwip -I../Drivers/STM32H7xx_HAL_Driver/Inc -I../Middlewares/Third_Party/LwIP/system -I../Middlewares/Third_Party/LwIP/src/include/netif -I../Drivers/BSP/Components/lan8742 -I../Middlewares/Third_Party/LwIP/src/include/compat/posix -I../Middlewares/Third_Party/LwIP/src/include/compat/posix/arpa -I../Middlewares/Third_Party/LwIP/src/include/compat/posix/net -I../Middlewares/Third_Party/LwIP/src/include/compat/posix/sys -I../Middlewares/Third_Party/LwIP/src/include/compat/stdc -O0 -ffunction-sections -fdata-sections -Wall -fstack-usage -MMD -MP -MF"Middlewares/Third_Party/LwIP/src/netif/ppp/chap-md5.d" -MT"Middlewares/Third_Party/LwIP/src/netif/ppp/chap-md5.o" --specs=nano.specs -mfpu=fpv5-d16 -mfloat-abi=hard -mthumb -o "Middlewares/Third_Party/LwIP/src/netif/ppp/chap-md5.o"
arm-none-eabi-gcc "../Middlewares/Third_Party/LwIP/src/netif/ppp/chap-new.c" -mcpu=cortex-m7 -std=gnu11 -g3 -DUSE_HAL_DRIVER -DSTM32H743xx -DDEBUG -c -I../Middlewares/Third_Party/FreeRTOS/Source/include -I../Middlewares/Third_Party/LwIP/src/include/lwip/priv -I../Middlewares/Third_Party/LwIP/src/include/netif/ppp -I../Drivers/STM32H7xx_HAL_Driver/Inc/Legacy -I../Middlewares/Third_Party/LwIP/src/include/lwip/prot -I../Middlewares/Third_Party/LwIP/src/include/lwip/apps -I../Middlewares/Third_Party/FreeRTOS/Source/CMSIS_RTOS_V2 -I../Middlewares/Third_Party/LwIP/system/arch -I../Middlewares/Third_Party/LwIP/src/include -I../Middlewares/Third_Party/FreeRTOS/Source/portable/GCC/ARM_CM4F -I../LWIP/App -I../Drivers/CMSIS/Include -I../PMU -I../Core/Inc -I../Drivers/CMSIS/Device/ST/STM32H7xx/Include -I../LWIP/Target -I../Middlewares/Third_Party/LwIP/src/include/lwip -I../Drivers/STM32H7xx_HAL_Driver/Inc -I../Middlewares/Third_Party/LwIP/system -I../Middlewares/Third_Party/LwIP/src/include/netif -I../Drivers/BSP/Components/lan8742 -I../Middlewares/Third_Party/LwIP/src/include/compat/posix -I../Middlewares/Third_Party/LwIP/src/include/compat/posix/arpa -I../Middlewares/Third_Party/LwIP/src/include/compat/posix/net -I../Middlewares/Third_Party/LwIP/src/include/compat/posix/sys -I../Middlewares/Third_Party/LwIP/src/include/compat/stdc -O0 -ffunction-sections -fdata-sections -Wall -fstack-usage -MMD -MP -MF"Middlewares/Third_Party/LwIP/src/netif/ppp/chap-new.d" -MT"Middlewares/Third_Party/LwIP/src/netif/ppp/chap-new.o" --specs=nano.specs -mfpu=fpv5-d16 -mfloat-abi=hard -mthumb -o "Middlewares/Third_Party/LwIP/src/netif/ppp/chap-new.o"
arm-none-eabi-gcc "../Middlewares/Third_Party/LwIP/src/netif/ppp/chap_ms.c" -mcpu=cortex-m7 -std=gnu11 -g3 -DUSE_HAL_DRIVER -DSTM32H743xx -DDEBUG -c -I../Middlewares/Third_Party/FreeRTOS/Source/include -I../Middlewares/Third_Party/LwIP/src/include/lwip/priv -I../Middlewares/Third_Party/LwIP/src/include/netif/ppp -I../Drivers/STM32H7xx_HAL_Driver/Inc/Legacy -I../Middlewares/Third_Party/LwIP/src/include/lwip/prot -I../Middlewares/Third_Party/LwIP/src/include/lwip/apps -I../Middlewares/Third_Party/FreeRTOS/Source/CMSIS_RTOS_V2 -I../Middlewares/Third_Party/LwIP/system/arch -I../Middlewares/Third_Party/LwIP/src/include -I../Middlewares/Third_Party/FreeRTOS/Source/portable/GCC/ARM_CM4F -I../LWIP/App -I../Drivers/CMSIS/Include -I../PMU -I../Core/Inc -I../Drivers/CMSIS/Device/ST/STM32H7xx/Include -I../LWIP/Target -I../Middlewares/Third_Party/LwIP/src/include/lwip -I../Drivers/STM32H7xx_HAL_Driver/Inc -I../Middlewares/Third_Party/LwIP/system -I../Middlewares/Third_Party/LwIP/src/include/netif -I../Drivers/BSP/Components/lan8742 -I../Middlewares/Third_Party/LwIP/src/include/compat/posix -I../Middlewares/Third_Party/LwIP/src/include/compat/posix/arpa -I../Middlewares/Third_Party/LwIP/src/include/compat/posix/net -I../Middlewares/Third_Party/LwIP/src/include/compat/posix/sys -I../Middlewares/Third_Party/LwIP/src/include/compat/stdc -O0 -ffunction-sections -fdata-sections -Wall -fstack-usage -MMD -MP -MF"Middlewares/Third_Party/LwIP/src/netif/ppp/chap_ms.d" -MT"Middlewares/Third_Party/LwIP/src/netif/ppp/chap_ms.o" --specs=nano.specs -mfpu=fpv5-d16 -mfloat-abi=hard -mthumb -o "Middlewares/Third_Party/LwIP/src/netif/ppp/chap_ms.o"
arm-none-eabi-gcc "../Middlewares/Third_Party/LwIP/src/netif/ppp/demand.c" -mcpu=cortex-m7 -std=gnu11 -g3 -DUSE_HAL_DRIVER -DSTM32H743xx -DDEBUG -c -I../Middlewares/Third_Party/FreeRTOS/Source/include -I../Middlewares/Third_Party/LwIP/src/include/lwip/priv -I../Middlewares/Third_Party/LwIP/src/include/netif/ppp -I../Drivers/STM32H7xx_HAL_Driver/Inc/Legacy -I../Middlewares/Third_Party/LwIP/src/include/lwip/prot -I../Middlewares/Third_Party/LwIP/src/include/lwip/apps -I../Middlewares/Third_Party/FreeRTOS/Source/CMSIS_RTOS_V2 -I../Middlewares/Third_Party/LwIP/system/arch -I../Middlewares/Third_Party/LwIP/src/include -I../Middlewares/Third_Party/FreeRTOS/Source/portable/GCC/ARM_CM4F -I../LWIP/App -I../Drivers/CMSIS/Include -I../PMU -I../Core/Inc -I../Drivers/CMSIS/Device/ST/STM32H7xx/Include -I../LWIP/Target -I../Middlewares/Third_Party/LwIP/src/include/lwip -I../Drivers/STM32H7xx_HAL_Driver/Inc -I../Middlewares/Third_Party/LwIP/system -I../Middlewares/Third_Party/LwIP/src/include/netif -I../Drivers/BSP/Components/lan8742 -I../Middlewares/Third_Party/LwIP/src/include/compat/posix -I../Middlewares/Third_Party/LwIP/src/include/compat/posix/arpa -I../Middlewares/Third_Party/LwIP/src/include/compat/posix/net -I../Middlewares/Third_Party/LwIP/src/include/compat/posix/sys -I../Middlewares/Third_Party/LwIP/src/include/compat/stdc -O0 -ffunction-sections -fdata-sections -Wall -fstack-usage -MMD -MP -MF"Middlewares/Third_Party/LwIP/src/netif/ppp/demand.d" -MT"Middlewares/Third_Party/LwIP/src/netif/ppp/demand.o" --specs=nano.specs -mfpu=fpv5-d16 -mfloat-abi=hard -mthumb -o "Middlewares/Third_Party/LwIP/src/netif/ppp/demand.o"
arm-none-eabi-gcc "../Middlewares/Third_Party/LwIP/src/netif/ppp/eap.c" -mcpu=cortex-m7 -std=gnu11 -g3 -DUSE_HAL_DRIVER -DSTM32H743xx -DDEBUG -c -I../Middlewares/Third_Party/FreeRTOS/Source/include -I../Middlewares/Third_Party/LwIP/src/include/lwip/priv -I../Middlewares/Third_Party/LwIP/src/include/netif/ppp -I../Drivers/STM32H7xx_HAL_Driver/Inc/Legacy -I../Middlewares/Third_Party/LwIP/src/include/lwip/prot -I../Middlewares/Third_Party/LwIP/src/include/lwip/apps -I../Middlewares/Third_Party/FreeRTOS/Source/CMSIS_RTOS_V2 -I../Middlewares/Third_Party/LwIP/system/arch -I../Middlewares/Third_Party/LwIP/src/include -I../Middlewares/Third_Party/FreeRTOS/Source/portable/GCC/ARM_CM4F -I../LWIP/App -I../Drivers/CMSIS/Include -I../PMU -I../Core/Inc -I../Drivers/CMSIS/Device/ST/STM32H7xx/Include -I../LWIP/Target -I../Middlewares/Third_Party/LwIP/src/include/lwip -I../Drivers/STM32H7xx_HAL_Driver/Inc -I../Middlewares/Third_Party/LwIP/system -I../Middlewares/Third_Party/LwIP/src/include/netif -I../Drivers/BSP/Components/lan8742 -I../Middlewares/Third_Party/LwIP/src/include/compat/posix -I../Middlewares/Third_Party/LwIP/src/include/compat/posix/arpa -I../Middlewares/Third_Party/LwIP/src/include/compat/posix/net -I../Middlewares/Third_Party/LwIP/src/include/compat/posix/sys -I../Middlewares/Third_Party/LwIP/src/include/compat/stdc -O0 -ffunction-sections -fdata-sections -Wall -fstack-usage -MMD -MP -MF"Middlewares/Third_Party/LwIP/src/netif/ppp/eap.d" -MT"Middlewares/Third_Party/LwIP/src/netif/ppp/eap.o" --specs=nano.specs -mfpu=fpv5-d16 -mfloat-abi=hard -mthumb -o "Middlewares/Third_Party/LwIP/src/netif/ppp/eap.o"
arm-none-eabi-gcc "../Middlewares/Third_Party/LwIP/src/netif/ppp/ecp.c" -mcpu=cortex-m7 -std=gnu11 -g3 -DUSE_HAL_DRIVER -DSTM32H743xx -DDEBUG -c -I../Middlewares/Third_Party/FreeRTOS/Source/include -I../Middlewares/Third_Party/LwIP/src/include/lwip/priv -I../Middlewares/Third_Party/LwIP/src/include/netif/ppp -I../Drivers/STM32H7xx_HAL_Driver/Inc/Legacy -I../Middlewares/Third_Party/LwIP/src/include/lwip/prot -I../Middlewares/Third_Party/LwIP/src/include/lwip/apps -I../Middlewares/Third_Party/FreeRTOS/Source/CMSIS_RTOS_V2 -I../Middlewares/Third_Party/LwIP/system/arch -I../Middlewares/Third_Party/LwIP/src/include -I../Middlewares/Third_Party/FreeRTOS/Source/portable/GCC/ARM_CM4F -I../LWIP/App -I../Drivers/CMSIS/Include -I../PMU -I../Core/Inc -I../Drivers/CMSIS/Device/ST/STM32H7xx/Include -I../LWIP/Target -I../Middlewares/Third_Party/LwIP/src/include/lwip -I../Drivers/STM32H7xx_HAL_Driver/Inc -I../Middlewares/Third_Party/LwIP/system -I../Middlewares/Third_Party/LwIP/src/include/netif -I../Drivers/BSP/Components/lan8742 -I../Middlewares/Third_Party/LwIP/src/include/compat/posix -I../Middlewares/Third_Party/LwIP/src/include/compat/posix/arpa -I../Middlewares/Third_Party/LwIP/src/include/compat/posix/net -I../Middlewares/Third_Party/LwIP/src/include/compat/posix/sys -I../Middlewares/Third_Party/LwIP/src/include/compat/stdc -O0 -ffunction-sections -fdata-sections -Wall -fstack-usage -MMD -MP -MF"Middlewares/Third_Party/LwIP/src/netif/ppp/ecp.d" -MT"Middlewares/Third_Party/LwIP/src/netif/ppp/ecp.o" --specs=nano.specs -mfpu=fpv5-d16 -mfloat-abi=hard -mthumb -o "Middlewares/Third_Party/LwIP/src/netif/ppp/ecp.o"
arm-none-eabi-gcc "../Middlewares/Third_Party/LwIP/src/netif/ppp/eui64.c" -mcpu=cortex-m7 -std=gnu11 -g3 -DUSE_HAL_DRIVER -DSTM32H743xx -DDEBUG -c -I../Middlewares/Third_Party/FreeRTOS/Source/include -I../Middlewares/Third_Party/LwIP/src/include/lwip/priv -I../Middlewares/Third_Party/LwIP/src/include/netif/ppp -I../Drivers/STM32H7xx_HAL_Driver/Inc/Legacy -I../Middlewares/Third_Party/LwIP/src/include/lwip/prot -I../Middlewares/Third_Party/LwIP/src/include/lwip/apps -I../Middlewares/Third_Party/FreeRTOS/Source/CMSIS_RTOS_V2 -I../Middlewares/Third_Party/LwIP/system/arch -I../Middlewares/Third_Party/LwIP/src/include -I../Middlewares/Third_Party/FreeRTOS/Source/portable/GCC/ARM_CM4F -I../LWIP/App -I../Drivers/CMSIS/Include -I../PMU -I../Core/Inc -I../Drivers/CMSIS/Device/ST/STM32H7xx/Include -I../LWIP/Target -I../Middlewares/Third_Party/LwIP/src/include/lwip -I../Drivers/STM32H7xx_HAL_Driver/Inc -I../Middlewares/Third_Party/LwIP/system -I../Middlewares/Third_Party/LwIP/src/include/netif -I../Drivers/BSP/Components/lan8742 -I../Middlewares/Third_Party/LwIP/src/include/compat/posix -I../Middlewares/Third_Party/LwIP/src/include/compat/posix/arpa -I../Middlewares/Third_Party/LwIP/src/include/compat/posix/net -I../Middlewares/Third_Party/LwIP/src/include/compat/posix/sys -I../Middlewares/Third_Party/LwIP/src/include/compat/stdc -O0 -ffunction-sections -fdata-sections -Wall -fstack-usage -MMD -MP -MF"Middlewares/Third_Party/LwIP/src/netif/ppp/eui64.d" -MT"Middlewares/Third_Party/LwIP/src/netif/ppp/eui64.o" --specs=nano.specs -mfpu=fpv5-d16 -mfloat-abi=hard -mthumb -o "Middlewares/Third_Party/LwIP/src/netif/ppp/eui64.o"
arm-none-eabi-gcc "../Middlewares/Third_Party/LwIP/src/netif/ppp/fsm.c" -mcpu=cortex-m7 -std=gnu11 -g3 -DUSE_HAL_DRIVER -DSTM32H743xx -DDEBUG -c -I../Middlewares/Third_Party/FreeRTOS/Source/include -I../Middlewares/Third_Party/LwIP/src/include/lwip/priv -I../Middlewares/Third_Party/LwIP/src/include/netif/ppp -I../Drivers/STM32H7xx_HAL_Driver/Inc/Legacy -I../Middlewares/Third_Party/LwIP/src/include/lwip/prot -I../Middlewares/Third_Party/LwIP/src/include/lwip/apps -I../Middlewares/Third_Party/FreeRTOS/Source/CMSIS_RTOS_V2 -I../Middlewares/Third_Party/LwIP/system/arch -I../Middlewares/Third_Party/LwIP/src/include -I../Middlewares/Third_Party/FreeRTOS/Source/portable/GCC/ARM_CM4F -I../LWIP/App -I../Drivers/CMSIS/Include -I../PMU -I../Core/Inc -I../Drivers/CMSIS/Device/ST/STM32H7xx/Include -I../LWIP/Target -I../Middlewares/Third_Party/LwIP/src/include/lwip -I../Drivers/STM32H7xx_HAL_Driver/Inc -I../Middlewares/Third_Party/LwIP/system -I../Middlewares/Third_Party/LwIP/src/include/netif -I../Drivers/BSP/Components/lan8742 -I../Middlewares/Third_Party/LwIP/src/include/compat/posix -I../Middlewares/Third_Party/LwIP/src/include/compat/posix/arpa -I../Middlewares/Third_Party/LwIP/src/include/compat/posix/net -I../Middlewares/Third_Party/LwIP/src/include/compat/posix/sys -I../Middlewares/Third_Party/LwIP/src/include/compat/stdc -O0 -ffunction-sections -fdata-sections -Wall -fstack-usage -MMD -MP -MF"Middlewares/Third_Party/LwIP/src/netif/ppp/fsm.d" -MT"Middlewares/Third_Party/LwIP/src/netif/ppp/fsm.o" --specs=nano.specs -mfpu=fpv5-d16 -mfloat-abi=hard -mthumb -o "Middlewares/Third_Party/LwIP/src/netif/ppp/fsm.o"
arm-none-eabi-gcc "../Middlewares/Third_Party/LwIP/src/netif/ppp/ipcp.c" -mcpu=cortex-m7 -std=gnu11 -g3 -DUSE_HAL_DRIVER -DSTM32H743xx -DDEBUG -c -I../Middlewares/Third_Party/FreeRTOS/Source/include -I../Middlewares/Third_Party/LwIP/src/include/lwip/priv -I../Middlewares/Third_Party/LwIP/src/include/netif/ppp -I../Drivers/STM32H7xx_HAL_Driver/Inc/Legacy -I../Middlewares/Third_Party/LwIP/src/include/lwip/prot -I../Middlewares/Third_Party/LwIP/src/include/lwip/apps -I../Middlewares/Third_Party/FreeRTOS/Source/CMSIS_RTOS_V2 -I../Middlewares/Third_Party/LwIP/system/arch -I../Middlewares/Third_Party/LwIP/src/include -I../Middlewares/Third_Party/FreeRTOS/Source/portable/GCC/ARM_CM4F -I../LWIP/App -I../Drivers/CMSIS/Include -I../PMU -I../Core/Inc -I../Drivers/CMSIS/Device/ST/STM32H7xx/Include -I../LWIP/Target -I../Middlewares/Third_Party/LwIP/src/include/lwip -I../Drivers/STM32H7xx_HAL_Driver/Inc -I../Middlewares/Third_Party/LwIP/system -I../Middlewares/Third_Party/LwIP/src/include/netif -I../Drivers/BSP/Components/lan8742 -I../Middlewares/Third_Party/LwIP/src/include/compat/posix -I../Middlewares/Third_Party/LwIP/src/include/compat/posix/arpa -I../Middlewares/Third_Party/LwIP/src/include/compat/posix/net -I../Middlewares/Third_Party/LwIP/src/include/compat/posix/sys -I../Middlewares/Third_Party/LwIP/src/include/compat/stdc -O0 -ffunction-sections -fdata-sections -Wall -fstack-usage -MMD -MP -MF"Middlewares/Third_Party/LwIP/src/netif/ppp/ipcp.d" -MT"Middlewares/Third_Party/LwIP/src/netif/ppp/ipcp.o" --specs=nano.specs -mfpu=fpv5-d16 -mfloat-abi=hard -mthumb -o "Middlewares/Third_Party/LwIP/src/netif/ppp/ipcp.o"
arm-none-eabi-gcc "../Middlewares/Third_Party/LwIP/src/netif/ppp/ipv6cp.c" -mcpu=cortex-m7 -std=gnu11 -g3 -DUSE_HAL_DRIVER -DSTM32H743xx -DDEBUG -c -I../Middlewares/Third_Party/FreeRTOS/Source/include -I../Middlewares/Third_Party/LwIP/src/include/lwip/priv -I../Middlewares/Third_Party/LwIP/src/include/netif/ppp -I../Drivers/STM32H7xx_HAL_Driver/Inc/Legacy -I../Middlewares/Third_Party/LwIP/src/include/lwip/prot -I../Middlewares/Third_Party/LwIP/src/include/lwip/apps -I../Middlewares/Third_Party/FreeRTOS/Source/CMSIS_RTOS_V2 -I../Middlewares/Third_Party/LwIP/system/arch -I../Middlewares/Third_Party/LwIP/src/include -I../Middlewares/Third_Party/FreeRTOS/Source/portable/GCC/ARM_CM4F -I../LWIP/App -I../Drivers/CMSIS/Include -I../PMU -I../Core/Inc -I../Drivers/CMSIS/Device/ST/STM32H7xx/Include -I../LWIP/Target -I../Middlewares/Third_Party/LwIP/src/include/lwip -I../Drivers/STM32H7xx_HAL_Driver/Inc -I../Middlewares/Third_Party/LwIP/system -I../Middlewares/Third_Party/LwIP/src/include/netif -I../Drivers/BSP/Components/lan8742 -I../Middlewares/Third_Party/LwIP/src/include/compat/posix -I../Middlewares/Third_Party/LwIP/src/include/compat/posix/arpa -I../Middlewares/Third_Party/LwIP/src/include/compat/posix/net -I../Middlewares/Third_Party/LwIP/src/include/compat/posix/sys -I../Middlewares/Third_Party/LwIP/src/include/compat/stdc -O0 -ffunction-sections -fdata-sections -Wall -fstack-usage -MMD -MP -MF"Middlewares/Third_Party/LwIP/src/netif/ppp/ipv6cp.d" -MT"Middlewares/Third_Party/LwIP/src/netif/ppp/ipv6cp.o" --specs=nano.specs -mfpu=fpv5-d16 -mfloat-abi=hard -mthumb -o "Middlewares/Third_Party/LwIP/src/netif/ppp/ipv6cp.o"
arm-none-eabi-gcc "../Middlewares/Third_Party/LwIP/src/netif/ppp/lcp.c" -mcpu=cortex-m7 -std=gnu11 -g3 -DUSE_HAL_DRIVER -DSTM32H743xx -DDEBUG -c -I../Middlewares/Third_Party/FreeRTOS/Source/include -I../Middlewares/Third_Party/LwIP/src/include/lwip/priv -I../Middlewares/Third_Party/LwIP/src/include/netif/ppp -I../Drivers/STM32H7xx_HAL_Driver/Inc/Legacy -I../Middlewares/Third_Party/LwIP/src/include/lwip/prot -I../Middlewares/Third_Party/LwIP/src/include/lwip/apps -I../Middlewares/Third_Party/FreeRTOS/Source/CMSIS_RTOS_V2 -I../Middlewares/Third_Party/LwIP/system/arch -I../Middlewares/Third_Party/LwIP/src/include -I../Middlewares/Third_Party/FreeRTOS/Source/portable/GCC/ARM_CM4F -I../LWIP/App -I../Drivers/CMSIS/Include -I../PMU -I../Core/Inc -I../Drivers/CMSIS/Device/ST/STM32H7xx/Include -I../LWIP/Target -I../Middlewares/Third_Party/LwIP/src/include/lwip -I../Drivers/STM32H7xx_HAL_Driver/Inc -I../Middlewares/Third_Party/LwIP/system -I../Middlewares/Third_Party/LwIP/src/include/netif -I../Drivers/BSP/Components/lan8742 -I../Middlewares/Third_Party/LwIP/src/include/compat/posix -I../Middlewares/Third_Party/LwIP/src/include/compat/posix/arpa -I../Middlewares/Third_Party/LwIP/src/include/compat/posix/net -I../Middlewares/Third_Party/LwIP/src/include/compat/posix/sys -I../Middlewares/Third_Party/LwIP/src/include/compat/stdc -O0 -ffunction-sections -fdata-sections -Wall -fstack-usage -MMD -MP -MF"Middlewares/Third_Party/LwIP/src/netif/ppp/lcp.d" -MT"Middlewares/Third_Party/LwIP/src/netif/ppp/lcp.o" --specs=nano.specs -mfpu=fpv5-d16 -mfloat-abi=hard -mthumb -o "Middlewares/Third_Party/LwIP/src/netif/ppp/lcp.o"
arm-none-eabi-gcc "../Middlewares/Third_Party/LwIP/src/netif/ppp/magic.c" -mcpu=cortex-m7 -std=gnu11 -g3 -DUSE_HAL_DRIVER -DSTM32H743xx -DDEBUG -c -I../Middlewares/Third_Party/FreeRTOS/Source/include -I../Middlewares/Third_Party/LwIP/src/include/lwip/priv -I../Middlewares/Third_Party/LwIP/src/include/netif/ppp -I../Drivers/STM32H7xx_HAL_Driver/Inc/Legacy -I../Middlewares/Third_Party/LwIP/src/include/lwip/prot -I../Middlewares/Third_Party/LwIP/src/include/lwip/apps -I../Middlewares/Third_Party/FreeRTOS/Source/CMSIS_RTOS_V2 -I../Middlewares/Third_Party/LwIP/system/arch -I../Middlewares/Third_Party/LwIP/src/include -I../Middlewares/Third_Party/FreeRTOS/Source/portable/GCC/ARM_CM4F -I../LWIP/App -I../Drivers/CMSIS/Include -I../PMU -I../Core/Inc -I../Drivers/CMSIS/Device/ST/STM32H7xx/Include -I../LWIP/Target -I../Middlewares/Third_Party/LwIP/src/include/lwip -I../Drivers/STM32H7xx_HAL_Driver/Inc -I../Middlewares/Third_Party/LwIP/system -I../Middlewares/Third_Party/LwIP/src/include/netif -I../Drivers/BSP/Components/lan8742 -I../Middlewares/Third_Party/LwIP/src/include/compat/posix -I../Middlewares/Third_Party/LwIP/src/include/compat/posix/arpa -I../Middlewares/Third_Party/LwIP/src/include/compat/posix/net -I../Middlewares/Third_Party/LwIP/src/include/compat/posix/sys -I../Middlewares/Third_Party/LwIP/src/include/compat/stdc -O0 -ffunction-sections -fdata-sections -Wall -fstack-usage -MMD -MP -MF"Middlewares/Third_Party/LwIP/src/netif/ppp/magic.d" -MT"Middlewares/Third_Party/LwIP/src/netif/ppp/magic.o" --specs=nano.specs -mfpu=fpv5-d16 -mfloat-abi=hard -mthumb -o "Middlewares/Third_Party/LwIP/src/netif/ppp/magic.o"
arm-none-eabi-gcc "../Middlewares/Third_Party/LwIP/src/netif/ppp/mppe.c" -mcpu=cortex-m7 -std=gnu11 -g3 -DUSE_HAL_DRIVER -DSTM32H743xx -DDEBUG -c -I../Middlewares/Third_Party/FreeRTOS/Source/include -I../Middlewares/Third_Party/LwIP/src/include/lwip/priv -I../Middlewares/Third_Party/LwIP/src/include/netif/ppp -I../Drivers/STM32H7xx_HAL_Driver/Inc/Legacy -I../Middlewares/Third_Party/LwIP/src/include/lwip/prot -I../Middlewares/Third_Party/LwIP/src/include/lwip/apps -I../Middlewares/Third_Party/FreeRTOS/Source/CMSIS_RTOS_V2 -I../Middlewares/Third_Party/LwIP/system/arch -I../Middlewares/Third_Party/LwIP/src/include -I../Middlewares/Third_Party/FreeRTOS/Source/portable/GCC/ARM_CM4F -I../LWIP/App -I../Drivers/CMSIS/Include -I../PMU -I../Core/Inc -I../Drivers/CMSIS/Device/ST/STM32H7xx/Include -I../LWIP/Target -I../Middlewares/Third_Party/LwIP/src/include/lwip -I../Drivers/STM32H7xx_HAL_Driver/Inc -I../Middlewares/Third_Party/LwIP/system -I../Middlewares/Third_Party/LwIP/src/include/netif -I../Drivers/BSP/Components/lan8742 -I../Middlewares/Third_Party/LwIP/src/include/compat/posix -I../Middlewares/Third_Party/LwIP/src/include/compat/posix/arpa -I../Middlewares/Third_Party/LwIP/src/include/compat/posix/net -I../Middlewares/Third_Party/LwIP/src/include/compat/posix/sys -I../Middlewares/Third_Party/LwIP/src/include/compat/stdc -O0 -ffunction-sections -fdata-sections -Wall -fstack-usage -MMD -MP -MF"Middlewares/Third_Party/LwIP/src/netif/ppp/mppe.d" -MT"Middlewares/Third_Party/LwIP/src/netif/ppp/mppe.o" --specs=nano.specs -mfpu=fpv5-d16 -mfloat-abi=hard -mthumb -o "Middlewares/Third_Party/LwIP/src/netif/ppp/mppe.o"
arm-none-eabi-gcc "../Middlewares/Third_Party/LwIP/src/netif/ppp/multilink.c" -mcpu=cortex-m7 -std=gnu11 -g3 -DUSE_HAL_DRIVER -DSTM32H743xx -DDEBUG -c -I../Middlewares/Third_Party/FreeRTOS/Source/include -I../Middlewares/Third_Party/LwIP/src/include/lwip/priv -I../Middlewares/Third_Party/LwIP/src/include/netif/ppp -I../Drivers/STM32H7xx_HAL_Driver/Inc/Legacy -I../Middlewares/Third_Party/LwIP/src/include/lwip/prot -I../Middlewares/Third_Party/LwIP/src/include/lwip/apps -I../Middlewares/Third_Party/FreeRTOS/Source/CMSIS_RTOS_V2 -I../Middlewares/Third_Party/LwIP/system/arch -I../Middlewares/Third_Party/LwIP/src/include -I../Middlewares/Third_Party/FreeRTOS/Source/portable/GCC/ARM_CM4F -I../LWIP/App -I../Drivers/CMSIS/Include -I../PMU -I../Core/Inc -I../Drivers/CMSIS/Device/ST/STM32H7xx/Include -I../LWIP/Target -I../Middlewares/Third_Party/LwIP/src/include/lwip -I../Drivers/STM32H7xx_HAL_Driver/Inc -I../Middlewares/Third_Party/LwIP/system -I../Middlewares/Third_Party/LwIP/src/include/netif -I../Drivers/BSP/Components/lan8742 -I../Middlewares/Third_Party/LwIP/src/include/compat/posix -I../Middlewares/Third_Party/LwIP/src/include/compat/posix/arpa -I../Middlewares/Third_Party/LwIP/src/include/compat/posix/net -I../Middlewares/Third_Party/LwIP/src/include/compat/posix/sys -I../Middlewares/Third_Party/LwIP/src/include/compat/stdc -O0 -ffunction-sections -fdata-sections -Wall -fstack-usage -MMD -MP -MF"Middlewares/Third_Party/LwIP/src/netif/ppp/multilink.d" -MT"Middlewares/Third_Party/LwIP/src/netif/ppp/multilink.o" --specs=nano.specs -mfpu=fpv5-d16 -mfloat-abi=hard -mthumb -o "Middlewares/Third_Party/LwIP/src/netif/ppp/multilink.o"
arm-none-eabi-gcc "../Middlewares/Third_Party/LwIP/src/netif/ppp/ppp.c" -mcpu=cortex-m7 -std=gnu11 -g3 -DUSE_HAL_DRIVER -DSTM32H743xx -DDEBUG -c -I../Middlewares/Third_Party/FreeRTOS/Source/include -I../Middlewares/Third_Party/LwIP/src/include/lwip/priv -I../Middlewares/Third_Party/LwIP/src/include/netif/ppp -I../Drivers/STM32H7xx_HAL_Driver/Inc/Legacy -I../Middlewares/Third_Party/LwIP/src/include/lwip/prot -I../Middlewares/Third_Party/LwIP/src/include/lwip/apps -I../Middlewares/Third_Party/FreeRTOS/Source/CMSIS_RTOS_V2 -I../Middlewares/Third_Party/LwIP/system/arch -I../Middlewares/Third_Party/LwIP/src/include -I../Middlewares/Third_Party/FreeRTOS/Source/portable/GCC/ARM_CM4F -I../LWIP/App -I../Drivers/CMSIS/Include -I../PMU -I../Core/Inc -I../Drivers/CMSIS/Device/ST/STM32H7xx/Include -I../LWIP/Target -I../Middlewares/Third_Party/LwIP/src/include/lwip -I../Drivers/STM32H7xx_HAL_Driver/Inc -I../Middlewares/Third_Party/LwIP/system -I../Middlewares/Third_Party/LwIP/src/include/netif -I../Drivers/BSP/Components/lan8742 -I../Middlewares/Third_Party/LwIP/src/include/compat/posix -I../Middlewares/Third_Party/LwIP/src/include/compat/posix/arpa -I../Middlewares/Third_Party/LwIP/src/include/compat/posix/net -I../Middlewares/Third_Party/LwIP/src/include/compat/posix/sys -I../Middlewares/Third_Party/LwIP/src/include/compat/stdc -O0 -ffunction-sections -fdata-sections -Wall -fstack-usage -MMD -MP -MF"Middlewares/Third_Party/LwIP/src/netif/ppp/ppp.d" -MT"Middlewares/Third_Party/LwIP/src/netif/ppp/ppp.o" --specs=nano.specs -mfpu=fpv5-d16 -mfloat-abi=hard -mthumb -o "Middlewares/Third_Party/LwIP/src/netif/ppp/ppp.o"
arm-none-eabi-gcc "../Middlewares/Third_Party/LwIP/src/netif/ppp/pppapi.c" -mcpu=cortex-m7 -std=gnu11 -g3 -DUSE_HAL_DRIVER -DSTM32H743xx -DDEBUG -c -I../Middlewares/Third_Party/FreeRTOS/Source/include -I../Middlewares/Third_Party/LwIP/src/include/lwip/priv -I../Middlewares/Third_Party/LwIP/src/include/netif/ppp -I../Drivers/STM32H7xx_HAL_Driver/Inc/Legacy -I../Middlewares/Third_Party/LwIP/src/include/lwip/prot -I../Middlewares/Third_Party/LwIP/src/include/lwip/apps -I../Middlewares/Third_Party/FreeRTOS/Source/CMSIS_RTOS_V2 -I../Middlewares/Third_Party/LwIP/system/arch -I../Middlewares/Third_Party/LwIP/src/include -I../Middlewares/Third_Party/FreeRTOS/Source/portable/GCC/ARM_CM4F -I../LWIP/App -I../Drivers/CMSIS/Include -I../PMU -I../Core/Inc -I../Drivers/CMSIS/Device/ST/STM32H7xx/Include -I../LWIP/Target -I../Middlewares/Third_Party/LwIP/src/include/lwip -I../Drivers/STM32H7xx_HAL_Driver/Inc -I../Middlewares/Third_Party/LwIP/system -I../Middlewares/Third_Party/LwIP/src/include/netif -I../Drivers/BSP/Components/lan8742 -I../Middlewares/Third_Party/LwIP/src/include/compat/posix -I../Middlewares/Third_Party/LwIP/src/include/compat/posix/arpa -I../Middlewares/Third_Party/LwIP/src/include/compat/posix/net -I../Middlewares/Third_Party/LwIP/src/include/compat/posix/sys -I../Middlewares/Third_Party/LwIP/src/include/compat/stdc -O0 -ffunction-sections -fdata-sections -Wall -fstack-usage -MMD -MP -MF"Middlewares/Third_Party/LwIP/src/netif/ppp/pppapi.d" -MT"Middlewares/Third_Party/LwIP/src/netif/ppp/pppapi.o" --specs=nano.specs -mfpu=fpv5-d16 -mfloat-abi=hard -mthumb -o "Middlewares/Third_Party/LwIP/src/netif/ppp/pppapi.o"
arm-none-eabi-gcc "../Middlewares/Third_Party/LwIP/src/netif/ppp/pppcrypt.c" -mcpu=cortex-m7 -std=gnu11 -g3 -DUSE_HAL_DRIVER -DSTM32H743xx -DDEBUG -c -I../Middlewares/Third_Party/FreeRTOS/Source/include -I../Middlewares/Third_Party/LwIP/src/include/lwip/priv -I../Middlewares/Third_Party/LwIP/src/include/netif/ppp -I../Drivers/STM32H7xx_HAL_Driver/Inc/Legacy -I../Middlewares/Third_Party/LwIP/src/include/lwip/prot -I../Middlewares/Third_Party/LwIP/src/include/lwip/apps -I../Middlewares/Third_Party/FreeRTOS/Source/CMSIS_RTOS_V2 -I../Middlewares/Third_Party/LwIP/system/arch -I../Middlewares/Third_Party/LwIP/src/include -I../Middlewares/Third_Party/FreeRTOS/Source/portable/GCC/ARM_CM4F -I../LWIP/App -I../Drivers/CMSIS/Include -I../PMU -I../Core/Inc -I../Drivers/CMSIS/Device/ST/STM32H7xx/Include -I../LWIP/Target -I../Middlewares/Third_Party/LwIP/src/include/lwip -I../Drivers/STM32H7xx_HAL_Driver/Inc -I../Middlewares/Third_Party/LwIP/system -I../Middlewares/Third_Party/LwIP/src/include/netif -I../Drivers/BSP/Components/lan8742 -I../Middlewares/Third_Party/LwIP/src/include/compat/posix -I../Middlewares/Third_Party/LwIP/src/include/compat/posix/arpa -I../Middlewares/Third_Party/LwIP/src/include/compat/posix/net -I../Middlewares/Third_Party/LwIP/src/include/compat/posix/sys -I../Middlewares/Third_Party/LwIP/src/include/compat/stdc -O0 -ffunction-sections -fdata-sections -Wall -fstack-usage -MMD -MP -MF"Middlewares/Third_Party/LwIP/src/netif/ppp/pppcrypt.d" -MT"Middlewares/Third_Party/LwIP/src/netif/ppp/pppcrypt.o" --specs=nano.specs -mfpu=fpv5-d16 -mfloat-abi=hard -mthumb -o "Middlewares/Third_Party/LwIP/src/netif/ppp/pppcrypt.o"
arm-none-eabi-gcc "../Middlewares/Third_Party/LwIP/src/netif/ppp/pppoe.c" -mcpu=cortex-m7 -std=gnu11 -g3 -DUSE_HAL_DRIVER -DSTM32H743xx -DDEBUG -c -I../Middlewares/Third_Party/FreeRTOS/Source/include -I../Middlewares/Third_Party/LwIP/src/include/lwip/priv -I../Middlewares/Third_Party/LwIP/src/include/netif/ppp -I../Drivers/STM32H7xx_HAL_Driver/Inc/Legacy -I../Middlewares/Third_Party/LwIP/src/include/lwip/prot -I../Middlewares/Third_Party/LwIP/src/include/lwip/apps -I../Middlewares/Third_Party/FreeRTOS/Source/CMSIS_RTOS_V2 -I../Middlewares/Third_Party/LwIP/system/arch -I../Middlewares/Third_Party/LwIP/src/include -I../Middlewares/Third_Party/FreeRTOS/Source/portable/GCC/ARM_CM4F -I../LWIP/App -I../Drivers/CMSIS/Include -I../PMU -I../Core/Inc -I../Drivers/CMSIS/Device/ST/STM32H7xx/Include -I../LWIP/Target -I../Middlewares/Third_Party/LwIP/src/include/lwip -I../Drivers/STM32H7xx_HAL_Driver/Inc -I../Middlewares/Third_Party/LwIP/system -I../Middlewares/Third_Party/LwIP/src/include/netif -I../Drivers/BSP/Components/lan8742 -I../Middlewares/Third_Party/LwIP/src/include/compat/posix -I../Middlewares/Third_Party/LwIP/src/include/compat/posix/arpa -I../Middlewares/Third_Party/LwIP/src/include/compat/posix/net -I../Middlewares/Third_Party/LwIP/src/include/compat/posix/sys -I../Middlewares/Third_Party/LwIP/src/include/compat/stdc -O0 -ffunction-sections -fdata-sections -Wall -fstack-usage -MMD -MP -MF"Middlewares/Third_Party/LwIP/src/netif/ppp/pppoe.d" -MT"Middlewares/Third_Party/LwIP/src/netif/ppp/pppoe.o" --specs=nano.specs -mfpu=fpv5-d16 -mfloat-abi=hard -mthumb -o "Middlewares/Third_Party/LwIP/src/netif/ppp/pppoe.o"
arm-none-eabi-gcc "../Middlewares/Third_Party/LwIP/src/netif/ppp/pppol2tp.c" -mcpu=cortex-m7 -std=gnu11 -g3 -DUSE_HAL_DRIVER -DSTM32H743xx -DDEBUG -c -I../Middlewares/Third_Party/FreeRTOS/Source/include -I../Middlewares/Third_Party/LwIP/src/include/lwip/priv -I../Middlewares/Third_Party/LwIP/src/include/netif/ppp -I../Drivers/STM32H7xx_HAL_Driver/Inc/Legacy -I../Middlewares/Third_Party/LwIP/src/include/lwip/prot -I../Middlewares/Third_Party/LwIP/src/include/lwip/apps -I../Middlewares/Third_Party/FreeRTOS/Source/CMSIS_RTOS_V2 -I../Middlewares/Third_Party/LwIP/system/arch -I../Middlewares/Third_Party/LwIP/src/include -I../Middlewares/Third_Party/FreeRTOS/Source/portable/GCC/ARM_CM4F -I../LWIP/App -I../Drivers/CMSIS/Include -I../PMU -I../Core/Inc -I../Drivers/CMSIS/Device/ST/STM32H7xx/Include -I../LWIP/Target -I../Middlewares/Third_Party/LwIP/src/include/lwip -I../Drivers/STM32H7xx_HAL_Driver/Inc -I../Middlewares/Third_Party/LwIP/system -I../Middlewares/Third_Party/LwIP/src/include/netif -I../Drivers/BSP/Components/lan8742 -I../Middlewares/Third_Party/LwIP/src/include/compat/posix -I../Middlewares/Third_Party/LwIP/src/include/compat/posix/arpa -I../Middlewares/Third_Party/LwIP/src/include/compat/posix/net -I../Middlewares/Third_Party/LwIP/src/include/compat/posix/sys -I../Middlewares/Third_Party/LwIP/src/include/compat/stdc -O0 -ffunction-sections -fdata-sections -Wall -fstack-usage -MMD -MP -MF"Middlewares/Third_Party/LwIP/src/netif/ppp/pppol2tp.d" -MT"Middlewares/Third_Party/LwIP/src/netif/ppp/pppol2tp.o" --specs=nano.specs -mfpu=fpv5-d16 -mfloat-abi=hard -mthumb -o "Middlewares/Third_Party/LwIP/src/netif/ppp/pppol2tp.o"
arm-none-eabi-gcc "../Middlewares/Third_Party/LwIP/src/netif/ppp/pppos.c" -mcpu=cortex-m7 -std=gnu11 -g3 -DUSE_HAL_DRIVER -DSTM32H743xx -DDEBUG -c -I../Middlewares/Third_Party/FreeRTOS/Source/include -I../Middlewares/Third_Party/LwIP/src/include/lwip/priv -I../Middlewares/Third_Party/LwIP/src/include/netif/ppp -I../Drivers/STM32H7xx_HAL_Driver/Inc/Legacy -I../Middlewares/Third_Party/LwIP/src/include/lwip/prot -I../Middlewares/Third_Party/LwIP/src/include/lwip/apps -I../Middlewares/Third_Party/FreeRTOS/Source/CMSIS_RTOS_V2 -I../Middlewares/Third_Party/LwIP/system/arch -I../Middlewares/Third_Party/LwIP/src/include -I../Middlewares/Third_Party/FreeRTOS/Source/portable/GCC/ARM_CM4F -I../LWIP/App -I../Drivers/CMSIS/Include -I../PMU -I../Core/Inc -I../Drivers/CMSIS/Device/ST/STM32H7xx/Include -I../LWIP/Target -I../Middlewares/Third_Party/LwIP/src/include/lwip -I../Drivers/STM32H7xx_HAL_Driver/Inc -I../Middlewares/Third_Party/LwIP/system -I../Middlewares/Third_Party/LwIP/src/include/netif -I../Drivers/BSP/Components/lan8742 -I../Middlewares/Third_Party/LwIP/src/include/compat/posix -I../Middlewares/Third_Party/LwIP/src/include/compat/posix/arpa -I../Middlewares/Third_Party/LwIP/src/include/compat/posix/net -I../Middlewares/Third_Party/LwIP/src/include/compat/posix/sys -I../Middlewares/Third_Party/LwIP/src/include/compat/stdc -O0 -ffunction-sections -fdata-sections -Wall -fstack-usage -MMD -MP -MF"Middlewares/Third_Party/LwIP/src/netif/ppp/pppos.d" -MT"Middlewares/Third_Party/LwIP/src/netif/ppp/pppos.o" --specs=nano.specs -mfpu=fpv5-d16 -mfloat-abi=hard -mthumb -o "Middlewares/Third_Party/LwIP/src/netif/ppp/pppos.o"
arm-none-eabi-gcc "../Middlewares/Third_Party/LwIP/src/netif/ppp/upap.c" -mcpu=cortex-m7 -std=gnu11 -g3 -DUSE_HAL_DRIVER -DSTM32H743xx -DDEBUG -c -I../Middlewares/Third_Party/FreeRTOS/Source/include -I../Middlewares/Third_Party/LwIP/src/include/lwip/priv -I../Middlewares/Third_Party/LwIP/src/include/netif/ppp -I../Drivers/STM32H7xx_HAL_Driver/Inc/Legacy -I../Middlewares/Third_Party/LwIP/src/include/lwip/prot -I../Middlewares/Third_Party/LwIP/src/include/lwip/apps -I../Middlewares/Third_Party/FreeRTOS/Source/CMSIS_RTOS_V2 -I../Middlewares/Third_Party/LwIP/system/arch -I../Middlewares/Third_Party/LwIP/src/include -I../Middlewares/Third_Party/FreeRTOS/Source/portable/GCC/ARM_CM4F -I../LWIP/App -I../Drivers/CMSIS/Include -I../PMU -I../Core/Inc -I../Drivers/CMSIS/Device/ST/STM32H7xx/Include -I../LWIP/Target -I../Middlewares/Third_Party/LwIP/src/include/lwip -I../Drivers/STM32H7xx_HAL_Driver/Inc -I../Middlewares/Third_Party/LwIP/system -I../Middlewares/Third_Party/LwIP/src/include/netif -I../Drivers/BSP/Components/lan8742 -I../Middlewares/Third_Party/LwIP/src/include/compat/posix -I../Middlewares/Third_Party/LwIP/src/include/compat/posix/arpa -I../Middlewares/Third_Party/LwIP/src/include/compat/posix/net -I../Middlewares/Third_Party/LwIP/src/include/compat/posix/sys -I../Middlewares/Third_Party/LwIP/src/include/compat/stdc -O0 -ffunction-sections -fdata-sections -Wall -fstack-usage -MMD -MP -MF"Middlewares/Third_Party/LwIP/src/netif/ppp/upap.d" -MT"Middlewares/Third_Party/LwIP/src/netif/ppp/upap.o" --specs=nano.specs -mfpu=fpv5-d16 -mfloat-abi=hard -mthumb -o "Middlewares/Third_Party/LwIP/src/netif/ppp/upap.o"
arm-none-eabi-gcc "../Middlewares/Third_Party/LwIP/src/netif/ppp/utils.c" -mcpu=cortex-m7 -std=gnu11 -g3 -DUSE_HAL_DRIVER -DSTM32H743xx -DDEBUG -c -I../Middlewares/Third_Party/FreeRTOS/Source/include -I../Middlewares/Third_Party/LwIP/src/include/lwip/priv -I../Middlewares/Third_Party/LwIP/src/include/netif/ppp -I../Drivers/STM32H7xx_HAL_Driver/Inc/Legacy -I../Middlewares/Third_Party/LwIP/src/include/lwip/prot -I../Middlewares/Third_Party/LwIP/src/include/lwip/apps -I../Middlewares/Third_Party/FreeRTOS/Source/CMSIS_RTOS_V2 -I../Middlewares/Third_Party/LwIP/system/arch -I../Middlewares/Third_Party/LwIP/src/include -I../Middlewares/Third_Party/FreeRTOS/Source/portable/GCC/ARM_CM4F -I../LWIP/App -I../Drivers/CMSIS/Include -I../PMU -I../Core/Inc -I../Drivers/CMSIS/Device/ST/STM32H7xx/Include -I../LWIP/Target -I../Middlewares/Third_Party/LwIP/src/include/lwip -I../Drivers/STM32H7xx_HAL_Driver/Inc -I../Middlewares/Third_Party/LwIP/system -I../Middlewares/Third_Party/LwIP/src/include/netif -I../Drivers/BSP/Components/lan8742 -I../Middlewares/Third_Party/LwIP/src/include/compat/posix -I../Middlewares/Third_Party/LwIP/src/include/compat/posix/arpa -I../Middlewares/Third_Party/LwIP/src/include/compat/posix/net -I../Middlewares/Third_Party/LwIP/src/include/compat/posix/sys -I../Middlewares/Third_Party/LwIP/src/include/compat/stdc -O0 -ffunction-sections -fdata-sections -Wall -fstack-usage -MMD -MP -MF"Middlewares/Third_Party/LwIP/src/netif/ppp/utils.d" -MT"Middlewares/Third_Party/LwIP/src/netif/ppp/utils.o" --specs=nano.specs -mfpu=fpv5-d16 -mfloat-abi=hard -mthumb -o "Middlewares/Third_Party/LwIP/src/netif/ppp/utils.o"
arm-none-eabi-gcc "../Middlewares/Third_Party/LwIP/src/netif/ppp/vj.c" -mcpu=cortex-m7 -std=gnu11 -g3 -DUSE_HAL_DRIVER -DSTM32H743xx -DDEBUG -c -I../Middlewares/Third_Party/FreeRTOS/Source/include -I../Middlewares/Third_Party/LwIP/src/include/lwip/priv -I../Middlewares/Third_Party/LwIP/src/include/netif/ppp -I../Drivers/STM32H7xx_HAL_Driver/Inc/Legacy -I../Middlewares/Third_Party/LwIP/src/include/lwip/prot -I../Middlewares/Third_Party/LwIP/src/include/lwip/apps -I../Middlewares/Third_Party/FreeRTOS/Source/CMSIS_RTOS_V2 -I../Middlewares/Third_Party/LwIP/system/arch -I../Middlewares/Third_Party/LwIP/src/include -I../Middlewares/Third_Party/FreeRTOS/Source/portable/GCC/ARM_CM4F -I../LWIP/App -I../Drivers/CMSIS/Include -I../PMU -I../Core/Inc -I../Drivers/CMSIS/Device/ST/STM32H7xx/Include -I../LWIP/Target -I../Middlewares/Third_Party/LwIP/src/include/lwip -I../Drivers/STM32H7xx_HAL_Driver/Inc -I../Middlewares/Third_Party/LwIP/system -I../Middlewares/Third_Party/LwIP/src/include/netif -I../Drivers/BSP/Components/lan8742 -I../Middlewares/Third_Party/LwIP/src/include/compat/posix -I../Middlewares/Third_Party/LwIP/src/include/compat/posix/arpa -I../Middlewares/Third_Party/LwIP/src/include/compat/posix/net -I../Middlewares/Third_Party/LwIP/src/include/compat/posix/sys -I../Middlewares/Third_Party/LwIP/src/include/compat/stdc -O0 -ffunction-sections -fdata-sections -Wall -fstack-usage -MMD -MP -MF"Middlewares/Third_Party/LwIP/src/netif/ppp/vj.d" -MT"Middlewares/Third_Party/LwIP/src/netif/ppp/vj.o" --specs=nano.specs -mfpu=fpv5-d16 -mfloat-abi=hard -mthumb -o "Middlewares/Third_Party/LwIP/src/netif/ppp/vj.o"
arm-none-eabi-gcc "../Middlewares/Third_Party/LwIP/src/netif/bridgeif.c" -mcpu=cortex-m7 -std=gnu11 -g3 -DUSE_HAL_DRIVER -DSTM32H743xx -DDEBUG -c -I../Middlewares/Third_Party/FreeRTOS/Source/include -I../Middlewares/Third_Party/LwIP/src/include/lwip/priv -I../Middlewares/Third_Party/LwIP/src/include/netif/ppp -I../Drivers/STM32H7xx_HAL_Driver/Inc/Legacy -I../Middlewares/Third_Party/LwIP/src/include/lwip/prot -I../Middlewares/Third_Party/LwIP/src/include/lwip/apps -I../Middlewares/Third_Party/FreeRTOS/Source/CMSIS_RTOS_V2 -I../Middlewares/Third_Party/LwIP/system/arch -I../Middlewares/Third_Party/LwIP/src/include -I../Middlewares/Third_Party/FreeRTOS/Source/portable/GCC/ARM_CM4F -I../LWIP/App -I../Drivers/CMSIS/Include -I../PMU -I../Core/Inc -I../Drivers/CMSIS/Device/ST/STM32H7xx/Include -I../LWIP/Target -I../Middlewares/Third_Party/LwIP/src/include/lwip -I../Drivers/STM32H7xx_HAL_Driver/Inc -I../Middlewares/Third_Party/LwIP/system -I../Middlewares/Third_Party/LwIP/src/include/netif -I../Drivers/BSP/Components/lan8742 -I../Middlewares/Third_Party/LwIP/src/include/compat/posix -I../Middlewares/Third_Party/LwIP/src/include/compat/posix/arpa -I../Middlewares/Third_Party/LwIP/src/include/compat/posix/net -I../Middlewares/Third_Party/LwIP/src/include/compat/posix/sys -I../Middlewares/Third_Party/LwIP/src/include/compat/stdc -O0 -ffunction-sections -fdata-sections -Wall -fstack-usage -MMD -MP -MF"Middlewares/Third_Party/LwIP/src/netif/bridgeif.d" -MT"Middlewares/Third_Party/LwIP/src/netif/bridgeif.o" --specs=nano.specs -mfpu=fpv5-d16 -mfloat-abi=hard -mthumb -o "Middlewares/Third_Party/LwIP/src/netif/bridgeif.o"
arm-none-eabi-gcc "../Middlewares/Third_Party/LwIP/src/netif/bridgeif_fdb.c" -mcpu=cortex-m7 -std=gnu11 -g3 -DUSE_HAL_DRIVER -DSTM32H743xx -DDEBUG -c -I../Middlewares/Third_Party/FreeRTOS/Source/include -I../Middlewares/Third_Party/LwIP/src/include/lwip/priv -I../Middlewares/Third_Party/LwIP/src/include/netif/ppp -I../Drivers/STM32H7xx_HAL_Driver/Inc/Legacy -I../Middlewares/Third_Party/LwIP/src/include/lwip/prot -I../Middlewares/Third_Party/LwIP/src/include/lwip/apps -I../Middlewares/Third_Party/FreeRTOS/Source/CMSIS_RTOS_V2 -I../Middlewares/Third_Party/LwIP/system/arch -I../Middlewares/Third_Party/LwIP/src/include -I../Middlewares/Third_Party/FreeRTOS/Source/portable/GCC/ARM_CM4F -I../LWIP/App -I../Drivers/CMSIS/Include -I../PMU -I../Core/Inc -I../Drivers/CMSIS/Device/ST/STM32H7xx/Include -I../LWIP/Target -I../Middlewares/Third_Party/LwIP/src/include/lwip -I../Drivers/STM32H7xx_HAL_Driver/Inc -I../Middlewares/Third_Party/LwIP/system -I../Middlewares/Third_Party/LwIP/src/include/netif -I../Drivers/BSP/Components/lan8742 -I../Middlewares/Third_Party/LwIP/src/include/compat/posix -I../Middlewares/Third_Party/LwIP/src/include/compat/posix/arpa -I../Middlewares/Third_Party/LwIP/src/include/compat/posix/net -I../Middlewares/Third_Party/LwIP/src/include/compat/posix/sys -I../Middlewares/Third_Party/LwIP/src/include/compat/stdc -O0 -ffunction-sections -fdata-sections -Wall -fstack-usage -MMD -MP -MF"Middlewares/Third_Party/LwIP/src/netif/bridgeif_fdb.d" -MT"Middlewares/Third_Party/LwIP/src/netif/bridgeif_fdb.o" --specs=nano.specs -mfpu=fpv5-d16 -mfloat-abi=hard -mthumb -o "Middlewares/Third_Party/LwIP/src/netif/bridgeif_fdb.o"
arm-none-eabi-gcc "../Middlewares/Third_Party/LwIP/src/netif/ethernet.c" -mcpu=cortex-m7 -std=gnu11 -g3 -DUSE_HAL_DRIVER -DSTM32H743xx -DDEBUG -c -I../Middlewares/Third_Party/FreeRTOS/Source/include -I../Middlewares/Third_Party/LwIP/src/include/lwip/priv -I../Middlewares/Third_Party/LwIP/src/include/netif/ppp -I../Drivers/STM32H7xx_HAL_Driver/Inc/Legacy -I../Middlewares/Third_Party/LwIP/src/include/lwip/prot -I../Middlewares/Third_Party/LwIP/src/include/lwip/apps -I../Middlewares/Third_Party/FreeRTOS/Source/CMSIS_RTOS_V2 -I../Middlewares/Third_Party/LwIP/system/arch -I../Middlewares/Third_Party/LwIP/src/include -I../Middlewares/Third_Party/FreeRTOS/Source/portable/GCC/ARM_CM4F -I../LWIP/App -I../Drivers/CMSIS/Include -I../PMU -I../Core/Inc -I../Drivers/CMSIS/Device/ST/STM32H7xx/Include -I../LWIP/Target -I../Middlewares/Third_Party/LwIP/src/include/lwip -I../Drivers/STM32H7xx_HAL_Driver/Inc -I../Middlewares/Third_Party/LwIP/system -I../Middlewares/Third_Party/LwIP/src/include/netif -I../Drivers/BSP/Components/lan8742 -I../Middlewares/Third_Party/LwIP/src/include/compat/posix -I../Middlewares/Third_Party/LwIP/src/include/compat/posix/arpa -I../Middlewares/Third_Party/LwIP/src/include/compat/posix/net -I../Middlewares/Third_Party/LwIP/src/include/compat/posix/sys -I../Middlewares/Third_Party/LwIP/src/include/compat/stdc -O0 -ffunction-sections -fdata-sections -Wall -fstack-usage -MMD -MP -MF"Middlewares/Third_Party/LwIP/src/netif/ethernet.d" -MT"Middlewares/Third_Party/LwIP/src/netif/ethernet.o" --specs=nano.specs -mfpu=fpv5-d16 -mfloat-abi=hard -mthumb -o "Middlewares/Third_Party/LwIP/src/netif/ethernet.o"
arm-none-eabi-gcc "../Middlewares/Third_Party/LwIP/src/netif/lowpan6.c" -mcpu=cortex-m7 -std=gnu11 -g3 -DUSE_HAL_DRIVER -DSTM32H743xx -DDEBUG -c -I../Middlewares/Third_Party/FreeRTOS/Source/include -I../Middlewares/Third_Party/LwIP/src/include/lwip/priv -I../Middlewares/Third_Party/LwIP/src/include/netif/ppp -I../Drivers/STM32H7xx_HAL_Driver/Inc/Legacy -I../Middlewares/Third_Party/LwIP/src/include/lwip/prot -I../Middlewares/Third_Party/LwIP/src/include/lwip/apps -I../Middlewares/Third_Party/FreeRTOS/Source/CMSIS_RTOS_V2 -I../Middlewares/Third_Party/LwIP/system/arch -I../Middlewares/Third_Party/LwIP/src/include -I../Middlewares/Third_Party/FreeRTOS/Source/portable/GCC/ARM_CM4F -I../LWIP/App -I../Drivers/CMSIS/Include -I../PMU -I../Core/Inc -I../Drivers/CMSIS/Device/ST/STM32H7xx/Include -I../LWIP/Target -I../Middlewares/Third_Party/LwIP/src/include/lwip -I../Drivers/STM32H7xx_HAL_Driver/Inc -I../Middlewares/Third_Party/LwIP/system -I../Middlewares/Third_Party/LwIP/src/include/netif -I../Drivers/BSP/Components/lan8742 -I../Middlewares/Third_Party/LwIP/src/include/compat/posix -I../Middlewares/Third_Party/LwIP/src/include/compat/posix/arpa -I../Middlewares/Third_Party/LwIP/src/include/compat/posix/net -I../Middlewares/Third_Party/LwIP/src/include/compat/posix/sys -I../Middlewares/Third_Party/LwIP/src/include/compat/stdc -O0 -ffunction-sections -fdata-sections -Wall -fstack-usage -MMD -MP -MF"Middlewares/Third_Party/LwIP/src/netif/lowpan6.d" -MT"Middlewares/Third_Party/LwIP/src/netif/lowpan6.o" --specs=nano.specs -mfpu=fpv5-d16 -mfloat-abi=hard -mthumb -o "Middlewares/Third_Party/LwIP/src/netif/lowpan6.o"
arm-none-eabi-gcc "../Middlewares/Third_Party/LwIP/src/netif/lowpan6_ble.c" -mcpu=cortex-m7 -std=gnu11 -g3 -DUSE_HAL_DRIVER -DSTM32H743xx -DDEBUG -c -I../Middlewares/Third_Party/FreeRTOS/Source/include -I../Middlewares/Third_Party/LwIP/src/include/lwip/priv -I../Middlewares/Third_Party/LwIP/src/include/netif/ppp -I../Drivers/STM32H7xx_HAL_Driver/Inc/Legacy -I../Middlewares/Third_Party/LwIP/src/include/lwip/prot -I../Middlewares/Third_Party/LwIP/src/include/lwip/apps -I../Middlewares/Third_Party/FreeRTOS/Source/CMSIS_RTOS_V2 -I../Middlewares/Third_Party/LwIP/system/arch -I../Middlewares/Third_Party/LwIP/src/include -I../Middlewares/Third_Party/FreeRTOS/Source/portable/GCC/ARM_CM4F -I../LWIP/App -I../Drivers/CMSIS/Include -I../PMU -I../Core/Inc -I../Drivers/CMSIS/Device/ST/STM32H7xx/Include -I../LWIP/Target -I../Middlewares/Third_Party/LwIP/src/include/lwip -I../Drivers/STM32H7xx_HAL_Driver/Inc -I../Middlewares/Third_Party/LwIP/system -I../Middlewares/Third_Party/LwIP/src/include/netif -I../Drivers/BSP/Components/lan8742 -I../Middlewares/Third_Party/LwIP/src/include/compat/posix -I../Middlewares/Third_Party/LwIP/src/include/compat/posix/arpa -I../Middlewares/Third_Party/LwIP/src/include/compat/posix/net -I../Middlewares/Third_Party/LwIP/src/include/compat/posix/sys -I../Middlewares/Third_Party/LwIP/src/include/compat/stdc -O0 -ffunction-sections -fdata-sections -Wall -fstack-usage -MMD -MP -MF"Middlewares/Third_Party/LwIP/src/netif/lowpan6_ble.d" -MT"Middlewares/Third_Party/LwIP/src/netif/lowpan6_ble.o" --specs=nano.specs -mfpu=fpv5-d16 -mfloat-abi=hard -mthumb -o "Middlewares/Third_Party/LwIP/src/netif/lowpan6_ble.o"
arm-none-eabi-gcc "../Middlewares/Third_Party/LwIP/src/netif/lowpan6_common.c" -mcpu=cortex-m7 -std=gnu11 -g3 -DUSE_HAL_DRIVER -DSTM32H743xx -DDEBUG -c -I../Middlewares/Third_Party/FreeRTOS/Source/include -I../Middlewares/Third_Party/LwIP/src/include/lwip/priv -I../Middlewares/Third_Party/LwIP/src/include/netif/ppp -I../Drivers/STM32H7xx_HAL_Driver/Inc/Legacy -I../Middlewares/Third_Party/LwIP/src/include/lwip/prot -I../Middlewares/Third_Party/LwIP/src/include/lwip/apps -I../Middlewares/Third_Party/FreeRTOS/Source/CMSIS_RTOS_V2 -I../Middlewares/Third_Party/LwIP/system/arch -I../Middlewares/Third_Party/LwIP/src/include -I../Middlewares/Third_Party/FreeRTOS/Source/portable/GCC/ARM_CM4F -I../LWIP/App -I../Drivers/CMSIS/Include -I../PMU -I../Core/Inc -I../Drivers/CMSIS/Device/ST/STM32H7xx/Include -I../LWIP/Target -I../Middlewares/Third_Party/LwIP/src/include/lwip -I../Drivers/STM32H7xx_HAL_Driver/Inc -I../Middlewares/Third_Party/LwIP/system -I../Middlewares/Third_Party/LwIP/src/include/netif -I../Drivers/BSP/Components/lan8742 -I../Middlewares/Third_Party/LwIP/src/include/compat/posix -I../Middlewares/Third_Party/LwIP/src/include/compat/posix/arpa -I../Middlewares/Third_Party/LwIP/src/include/compat/posix/net -I../Middlewares/Third_Party/LwIP/src/include/compat/posix/sys -I../Middlewares/Third_Party/LwIP/src/include/compat/stdc -O0 -ffunction-sections -fdata-sections -Wall -fstack-usage -MMD -MP -MF"Middlewares/Third_Party/LwIP/src/netif/lowpan6_common.d" -MT"Middlewares/Third_Party/LwIP/src/netif/lowpan6_common.o" --specs=nano.specs -mfpu=fpv5-d16 -mfloat-abi=hard -mthumb -o "Middlewares/Third_Party/LwIP/src/netif/lowpan6_common.o"
arm-none-eabi-gcc "../Middlewares/Third_Party/LwIP/src/netif/slipif.c" -mcpu=cortex-m7 -std=gnu11 -g3 -DUSE_HAL_DRIVER -DSTM32H743xx -DDEBUG -c -I../Middlewares/Third_Party/FreeRTOS/Source/include -I../Middlewares/Third_Party/LwIP/src/include/lwip/priv -I../Middlewares/Third_Party/LwIP/src/include/netif/ppp -I../Drivers/STM32H7xx_HAL_Driver/Inc/Legacy -I../Middlewares/Third_Party/LwIP/src/include/lwip/prot -I../Middlewares/Third_Party/LwIP/src/include/lwip/apps -I../Middlewares/Third_Party/FreeRTOS/Source/CMSIS_RTOS_V2 -I../Middlewares/Third_Party/LwIP/system/arch -I../Middlewares/Third_Party/LwIP/src/include -I../Middlewares/Third_Party/FreeRTOS/Source/portable/GCC/ARM_CM4F -I../LWIP/App -I../Drivers/CMSIS/Include -I../PMU -I../Core/Inc -I../Drivers/CMSIS/Device/ST/STM32H7xx/Include -I../LWIP/Target -I../Middlewares/Third_Party/LwIP/src/include/lwip -I../Drivers/STM32H7xx_HAL_Driver/Inc -I../Middlewares/Third_Party/LwIP/system -I../Middlewares/Third_Party/LwIP/src/include/netif -I../Drivers/BSP/Components/lan8742 -I../Middlewares/Third_Party/LwIP/src/include/compat/posix -I../Middlewares/Third_Party/LwIP/src/include/compat/posix/arpa -I../Middlewares/Third_Party/LwIP/src/include/compat/posix/net -I../Middlewares/Third_Party/LwIP/src/include/compat/posix/sys -I../Middlewares/Third_Party/LwIP/src/include/compat/stdc -O0 -ffunction-sections -fdata-sections -Wall -fstack-usage -MMD -MP -MF"Middlewares/Third_Party/LwIP/src/netif/slipif.d" -MT"Middlewares/Third_Party/LwIP/src/netif/slipif.o" --specs=nano.specs -mfpu=fpv5-d16 -mfloat-abi=hard -mthumb -o "Middlewares/Third_Party/LwIP/src/netif/slipif.o"
arm-none-eabi-gcc "../Middlewares/Third_Party/LwIP/src/netif/zepif.c" -mcpu=cortex-m7 -std=gnu11 -g3 -DUSE_HAL_DRIVER -DSTM32H743xx -DDEBUG -c -I../Middlewares/Third_Party/FreeRTOS/Source/include -I../Middlewares/Third_Party/LwIP/src/include/lwip/priv -I../Middlewares/Third_Party/LwIP/src/include/netif/ppp -I../Drivers/STM32H7xx_HAL_Driver/Inc/Legacy -I../Middlewares/Third_Party/LwIP/src/include/lwip/prot -I../Middlewares/Third_Party/LwIP/src/include/lwip/apps -I../Middlewares/Third_Party/FreeRTOS/Source/CMSIS_RTOS_V2 -I../Middlewares/Third_Party/LwIP/system/arch -I../Middlewares/Third_Party/LwIP/src/include -I../Middlewares/Third_Party/FreeRTOS/Source/portable/GCC/ARM_CM4F -I../LWIP/App -I../Drivers/CMSIS/Include -I../PMU -I../Core/Inc -I../Drivers/CMSIS/Device/ST/STM32H7xx/Include -I../LWIP/Target -I../Middlewares/Third_Party/LwIP/src/include/lwip -I../Drivers/STM32H7xx_HAL_Driver/Inc -I../Middlewares/Third_Party/LwIP/system -I../Middlewares/Third_Party/LwIP/src/include/netif -I../Drivers/BSP/Components/lan8742 -I../Middlewares/Third_Party/LwIP/src/include/compat/posix -I../Middlewares/Third_Party/LwIP/src/include/compat/posix/arpa -I../Middlewares/Third_Party/LwIP/src/include/compat/posix/net -I../Middlewares/Third_Party/LwIP/src/include/compat/posix/sys -I../Middlewares/Third_Party/LwIP/src/include/compat/stdc -O0 -ffunction-sections -fdata-sections -Wall -fstack-usage -MMD -MP -MF"Middlewares/Third_Party/LwIP/src/netif/zepif.d" -MT"Middlewares/Third_Party/LwIP/src/netif/zepif.o" --specs=nano.specs -mfpu=fpv5-d16 -mfloat-abi=hard -mthumb -o "Middlewares/Third_Party/LwIP/src/netif/zepif.o"
arm-none-eabi-gcc "../Middlewares/Third_Party/LwIP/src/core/ipv6/dhcp6.c" -mcpu=cortex-m7 -std=gnu11 -g3 -DUSE_HAL_DRIVER -DSTM32H743xx -DDEBUG -c -I../Middlewares/Third_Party/FreeRTOS/Source/include -I../Middlewares/Third_Party/LwIP/src/include/lwip/priv -I../Middlewares/Third_Party/LwIP/src/include/netif/ppp -I../Drivers/STM32H7xx_HAL_Driver/Inc/Legacy -I../Middlewares/Third_Party/LwIP/src/include/lwip/prot -I../Middlewares/Third_Party/LwIP/src/include/lwip/apps -I../Middlewares/Third_Party/FreeRTOS/Source/CMSIS_RTOS_V2 -I../Middlewares/Third_Party/LwIP/system/arch -I../Middlewares/Third_Party/LwIP/src/include -I../Middlewares/Third_Party/FreeRTOS/Source/portable/GCC/ARM_CM4F -I../LWIP/App -I../Drivers/CMSIS/Include -I../PMU -I../Core/Inc -I../Drivers/CMSIS/Device/ST/STM32H7xx/Include -I../LWIP/Target -I../Middlewares/Third_Party/LwIP/src/include/lwip -I../Drivers/STM32H7xx_HAL_Driver/Inc -I../Middlewares/Third_Party/LwIP/system -I../Middlewares/Third_Party/LwIP/src/include/netif -I../Drivers/BSP/Components/lan8742 -I../Middlewares/Third_Party/LwIP/src/include/compat/posix -I../Middlewares/Third_Party/LwIP/src/include/compat/posix/arpa -I../Middlewares/Third_Party/LwIP/src/include/compat/posix/net -I../Middlewares/Third_Party/LwIP/src/include/compat/posix/sys -I../Middlewares/Third_Party/LwIP/src/include/compat/stdc -O0 -ffunction-sections -fdata-sections -Wall -fstack-usage -MMD -MP -MF"Middlewares/Third_Party/LwIP/src/core/ipv6/dhcp6.d" -MT"Middlewares/Third_Party/LwIP/src/core/ipv6/dhcp6.o" --specs=nano.specs -mfpu=fpv5-d16 -mfloat-abi=hard -mthumb -o "Middlewares/Third_Party/LwIP/src/core/ipv6/dhcp6.o"
arm-none-eabi-gcc "../Middlewares/Third_Party/LwIP/src/core/ipv6/ethip6.c" -mcpu=cortex-m7 -std=gnu11 -g3 -DUSE_HAL_DRIVER -DSTM32H743xx -DDEBUG -c -I../Middlewares/Third_Party/FreeRTOS/Source/include -I../Middlewares/Third_Party/LwIP/src/include/lwip/priv -I../Middlewares/Third_Party/LwIP/src/include/netif/ppp -I../Drivers/STM32H7xx_HAL_Driver/Inc/Legacy -I../Middlewares/Third_Party/LwIP/src/include/lwip/prot -I../Middlewares/Third_Party/LwIP/src/include/lwip/apps -I../Middlewares/Third_Party/FreeRTOS/Source/CMSIS_RTOS_V2 -I../Middlewares/Third_Party/LwIP/system/arch -I../Middlewares/Third_Party/LwIP/src/include -I../Middlewares/Third_Party/FreeRTOS/Source/portable/GCC/ARM_CM4F -I../LWIP/App -I../Drivers/CMSIS/Include -I../PMU -I../Core/Inc -I../Drivers/CMSIS/Device/ST/STM32H7xx/Include -I../LWIP/Target -I../Middlewares/Third_Party/LwIP/src/include/lwip -I../Drivers/STM32H7xx_HAL_Driver/Inc -I../Middlewares/Third_Party/LwIP/system -I../Middlewares/Third_Party/LwIP/src/include/netif -I../Drivers/BSP/Components/lan8742 -I../Middlewares/Third_Party/LwIP/src/include/compat/posix -I../Middlewares/Third_Party/LwIP/src/include/compat/posix/arpa -I../Middlewares/Third_Party/LwIP/src/include/compat/posix/net -I../Middlewares/Third_Party/LwIP/src/include/compat/posix/sys -I../Middlewares/Third_Party/LwIP/src/include/compat/stdc -O0 -ffunction-sections -fdata-sections -Wall -fstack-usage -MMD -MP -MF"Middlewares/Third_Party/LwIP/src/core/ipv6/ethip6.d" -MT"Middlewares/Third_Party/LwIP/src/core/ipv6/ethip6.o" --specs=nano.specs -mfpu=fpv5-d16 -mfloat-abi=hard -mthumb -o "Middlewares/Third_Party/LwIP/src/core/ipv6/ethip6.o"
arm-none-eabi-gcc "../Middlewares/Third_Party/LwIP/src/core/ipv6/icmp6.c" -mcpu=cortex-m7 -std=gnu11 -g3 -DUSE_HAL_DRIVER -DSTM32H743xx -DDEBUG -c -I../Middlewares/Third_Party/FreeRTOS/Source/include -I../Middlewares/Third_Party/LwIP/src/include/lwip/priv -I../Middlewares/Third_Party/LwIP/src/include/netif/ppp -I../Drivers/STM32H7xx_HAL_Driver/Inc/Legacy -I../Middlewares/Third_Party/LwIP/src/include/lwip/prot -I../Middlewares/Third_Party/LwIP/src/include/lwip/apps -I../Middlewares/Third_Party/FreeRTOS/Source/CMSIS_RTOS_V2 -I../Middlewares/Third_Party/LwIP/system/arch -I../Middlewares/Third_Party/LwIP/src/include -I../Middlewares/Third_Party/FreeRTOS/Source/portable/GCC/ARM_CM4F -I../LWIP/App -I../Drivers/CMSIS/Include -I../PMU -I../Core/Inc -I../Drivers/CMSIS/Device/ST/STM32H7xx/Include -I../LWIP/Target -I../Middlewares/Third_Party/LwIP/src/include/lwip -I../Drivers/STM32H7xx_HAL_Driver/Inc -I../Middlewares/Third_Party/LwIP/system -I../Middlewares/Third_Party/LwIP/src/include/netif -I../Drivers/BSP/Components/lan8742 -I../Middlewares/Third_Party/LwIP/src/include/compat/posix -I../Middlewares/Third_Party/LwIP/src/include/compat/posix/arpa -I../Middlewares/Third_Party/LwIP/src/include/compat/posix/net -I../Middlewares/Third_Party/LwIP/src/include/compat/posix/sys -I../Middlewares/Third_Party/LwIP/src/include/compat/stdc -O0 -ffunction-sections -fdata-sections -Wall -fstack-usage -MMD -MP -MF"Middlewares/Third_Party/LwIP/src/core/ipv6/icmp6.d" -MT"Middlewares/Third_Party/LwIP/src/core/ipv6/icmp6.o" --specs=nano.specs -mfpu=fpv5-d16 -mfloat-abi=hard -mthumb -o "Middlewares/Third_Party/LwIP/src/core/ipv6/icmp6.o"
[...]
arm-none-eabi-gcc "../Core/Src/i2c.c" -mcpu=cortex-m7 -std=gnu11 -g3 -DUSE_HAL_DRIVER -DSTM32H743xx -DDEBUG -c -I../Middlewares/Third_Party/FreeRTOS/Source/include -I../Middlewares/Third_Party/LwIP/src/include/lwip/priv -I../Middlewares/Third_Party/LwIP/src/include/netif/ppp -I../Drivers/STM32H7xx_HAL_Driver/Inc/Legacy -I../Middlewares/Third_Party/LwIP/src/include/lwip/prot -I../Middlewares/Third_Party/LwIP/src/include/lwip/apps -I../Middlewares/Third_Party/FreeRTOS/Source/CMSIS_RTOS_V2 -I../Middlewares/Third_Party/LwIP/system/arch -I../Middlewares/Third_Party/LwIP/src/include -I../Middlewares/Third_Party/FreeRTOS/Source/portable/GCC/ARM_CM4F -I../LWIP/App -I../Drivers/CMSIS/Include -I../PMU -I../Core/Inc -I../Drivers/CMSIS/Device/ST/STM32H7xx/Include -I../LWIP/Target -I../Middlewares/Third_Party/LwIP/src/include/lwip -I../Drivers/STM32H7xx_HAL_Driver/Inc -I../Middlewares/Third_Party/LwIP/system -I../Middlewares/Third_Party/LwIP/src/include/netif -I../Drivers/BSP/Components/lan8742 -I../Middlewares/Third_Party/LwIP/src/include/compat/posix -I../Middlewares/Third_Party/LwIP/src/include/compat/posix/arpa -I../Middlewares/Third_Party/LwIP/src/include/compat/posix/net -I../Middlewares/Third_Party/LwIP/src/include/compat/posix/sys -I../Middlewares/Third_Party/LwIP/src/include/compat/stdc -O0 -ffunction-sections -fdata-sections -Wall -fstack-usage -MMD -MP -MF"Core/Src/i2c.d" -MT"Core/Src/i2c.o" --specs=nano.specs -mfpu=fpv5-d16 -mfloat-abi=hard -mthumb -o "Core/Src/i2c.o"
arm-none-eabi-gcc "../Core/Src/main.c" -mcpu=cortex-m7 -std=gnu11 -g3 -DUSE_HAL_DRIVER -DSTM32H743xx -DDEBUG -c -I../Middlewares/Third_Party/FreeRTOS/Source/include -I../Middlewares/Third_Party/LwIP/src/include/lwip/priv -I../Middlewares/Third_Party/LwIP/src/include/netif/ppp -I../Drivers/STM32H7xx_HAL_Driver/Inc/Legacy -I../Middlewares/Third_Party/LwIP/src/include/lwip/prot -I../Middlewares/Third_Party/LwIP/src/include/lwip/apps -I../Middlewares/Third_Party/FreeRTOS/Source/CMSIS_RTOS_V2 -I../Middlewares/Third_Party/LwIP/system/arch -I../Middlewares/Third_Party/LwIP/src/include -I../Middlewares/Third_Party/FreeRTOS/Source/portable/GCC/ARM_CM4F -I../LWIP/App -I../Drivers/CMSIS/Include -I../PMU -I../Core/Inc -I../Drivers/CMSIS/Device/ST/STM32H7xx/Include -I../LWIP/Target -I../Middlewares/Third_Party/LwIP/src/include/lwip -I../Drivers/STM32H7xx_HAL_Driver/Inc -I../Middlewares/Third_Party/LwIP/system -I../Middlewares/Third_Party/LwIP/src/include/netif -I../Drivers/BSP/Components/lan8742 -I../Middlewares/Third_Party/LwIP/src/include/compat/posix -I../Middlewares/Third_Party/LwIP/src/include/compat/posix/arpa -I../Middlewares/Third_Party/LwIP/src/include/compat/posix/net -I../Middlewares/Third_Party/LwIP/src/include/compat/posix/sys -I../Middlewares/Third_Party/LwIP/src/include/compat/stdc -O0 -ffunction-sections -fdata-sections -Wall -fstack-usage -MMD -MP -MF"Core/Src/main.d" -MT"Core/Src/main.o" --specs=nano.specs -mfpu=fpv5-d16 -mfloat-abi=hard -mthumb -o "Core/Src/main.o"
arm-none-eabi-gcc "../Core/Src/quadspi.c" -mcpu=cortex-m7 -std=gnu11 -g3 -DUSE_HAL_DRIVER -DSTM32H743xx -DDEBUG -c -I../Middlewares/Third_Party/FreeRTOS/Source/include -I../Middlewares/Third_Party/LwIP/src/include/lwip/priv -I../Middlewares/Third_Party/LwIP/src/include/netif/ppp -I../Drivers/STM32H7xx_HAL_Driver/Inc/Legacy -I../Middlewares/Third_Party/LwIP/src/include/lwip/prot -I../Middlewares/Third_Party/LwIP/src/include/lwip/apps -I../Middlewares/Third_Party/FreeRTOS/Source/CMSIS_RTOS_V2 -I../Middlewares/Third_Party/LwIP/system/arch -I../Middlewares/Third_Party/LwIP/src/include -I../Middlewares/Third_Party/FreeRTOS/Source/portable/GCC/ARM_CM4F -I../LWIP/App -I../Drivers/CMSIS/Include -I../PMU -I../Core/Inc -I../Drivers/CMSIS/Device/ST/STM32H7xx/Include -I../LWIP/Target -I../Middlewares/Third_Party/LwIP/src/include/lwip -I../Drivers/STM32H7xx_HAL_Driver/Inc -I../Middlewares/Third_Party/LwIP/system -I../Middlewares/Third_Party/LwIP/src/include/netif -I../Drivers/BSP/Components/lan8742 -I../Middlewares/Third_Party/LwIP/src/include/compat/posix -I../Middlewares/Third_Party/LwIP/src/include/compat/posix/arpa -I../Middlewares/Third_Party/LwIP/src/include/compat/posix/net -I../Middlewares/Third_Party/LwIP/src/include/compat/posix/sys -I../Middlewares/Third_Party/LwIP/src/include/compat/stdc -O0 -ffunction-sections -fdata-sections -Wall -fstack-usage -MMD -MP -MF"Core/Src/quadspi.d" -MT"Core/Src/quadspi.o" --specs=nano.specs -mfpu=fpv5-d16 -mfloat-abi=hard -mthumb -o "Core/Src/quadspi.o"
arm-none-eabi-gcc "../Core/Src/spi.c" -mcpu=cortex-m7 -std=gnu11 -g3 -DUSE_HAL_DRIVER -DSTM32H743xx -DDEBUG -c -I../Middlewares/Third_Party/FreeRTOS/Source/include -I../Middlewares/Third_Party/LwIP/src/include/lwip/priv -I../Middlewares/Third_Party/LwIP/src/include/netif/ppp -I../Drivers/STM32H7xx_HAL_Driver/Inc/Legacy -I../Middlewares/Third_Party/LwIP/src/include/lwip/prot -I../Middlewares/Third_Party/LwIP/src/include/lwip/apps -I../Middlewares/Third_Party/FreeRTOS/Source/CMSIS_RTOS_V2 -I../Middlewares/Third_Party/LwIP/system/arch -I../Middlewares/Third_Party/LwIP/src/include -I../Middlewares/Third_Party/FreeRTOS/Source/portable/GCC/ARM_CM4F -I../LWIP/App -I../Drivers/CMSIS/Include -I../PMU -I../Core/Inc -I../Drivers/CMSIS/Device/ST/STM32H7xx/Include -I../LWIP/Target -I../Middlewares/Third_Party/LwIP/src/include/lwip -I../Drivers/STM32H7xx_HAL_Driver/Inc -I../Middlewares/Third_Party/LwIP/system -I../Middlewares/Third_Party/LwIP/src/include/netif -I../Drivers/BSP/Components/lan8742 -I../Middlewares/Third_Party/LwIP/src/include/compat/posix -I../Middlewares/Third_Party/LwIP/src/include/compat/posix/arpa -I../Middlewares/Third_Party/LwIP/src/include/compat/posix/net -I../Middlewares/Third_Party/LwIP/src/include/compat/posix/sys -I../Middlewares/Third_Party/LwIP/src/include/compat/stdc -O0 -ffunction-sections -fdata-sections -Wall -fstack-usage -MMD -MP -MF"Core/Src/spi.d" -MT"Core/Src/spi.o" --specs=nano.specs -mfpu=fpv5-d16 -mfloat-abi=hard -mthumb -o "Core/Src/spi.o"
arm-none-eabi-gcc "../Core/Src/stm32h7xx_hal_msp.c" -mcpu=cortex-m7 -std=gnu11 -g3 -DUSE_HAL_DRIVER -DSTM32H743xx -DDEBUG -c -I../Middlewares/Third_Party/FreeRTOS/Source/include -I../Middlewares/Third_Party/LwIP/src/include/lwip/priv -I../Middlewares/Third_Party/LwIP/src/include/netif/ppp -I../Drivers/STM32H7xx_HAL_Driver/Inc/Legacy -I../Middlewares/Third_Party/LwIP/src/include/lwip/prot -I../Middlewares/Third_Party/LwIP/src/include/lwip/apps -I../Middlewares/Third_Party/FreeRTOS/Source/CMSIS_RTOS_V2 -I../Middlewares/Third_Party/LwIP/system/arch -I../Middlewares/Third_Party/LwIP/src/include -I../Middlewares/Third_Party/FreeRTOS/Source/portable/GCC/ARM_CM4F -I../LWIP/App -I../Drivers/CMSIS/Include -I../PMU -I../Core/Inc -I../Drivers/CMSIS/Device/ST/STM32H7xx/Include -I../LWIP/Target -I../Middlewares/Third_Party/LwIP/src/include/lwip -I../Drivers/STM32H7xx_HAL_Driver/Inc -I../Middlewares/Third_Party/LwIP/system -I../Middlewares/Third_Party/LwIP/src/include/netif -I../Drivers/BSP/Components/lan8742 -I../Middlewares/Third_Party/LwIP/src/include/compat/posix -I../Middlewares/Third_Party/LwIP/src/include/compat/posix/arpa -I../Middlewares/Third_Party/LwIP/src/include/compat/posix/net -I../Middlewares/Third_Party/LwIP/src/include/compat/posix/sys -I../Middlewares/Third_Party/LwIP/src/include/compat/stdc -O0 -ffunction-sections -fdata-sections -Wall -fstack-usage -MMD -MP -MF"Core/Src/stm32h7xx_hal_msp.d" -MT"Core/Src/stm32h7xx_hal_msp.o" --specs=nano.specs -mfpu=fpv5-d16 -mfloat-abi=hard -mthumb -o "Core/Src/stm32h7xx_hal_msp.o"
arm-none-eabi-gcc "../Core/Src/stm32h7xx_hal_timebase_tim.c" -mcpu=cortex-m7 -std=gnu11 -g3 -DUSE_HAL_DRIVER -DSTM32H743xx -DDEBUG -c -I../Middlewares/Third_Party/FreeRTOS/Source/include -I../Middlewares/Third_Party/LwIP/src/include/lwip/priv -I../Middlewares/Third_Party/LwIP/src/include/netif/ppp -I../Drivers/STM32H7xx_HAL_Driver/Inc/Legacy -I../Middlewares/Third_Party/LwIP/src/include/lwip/prot -I../Middlewares/Third_Party/LwIP/src/include/lwip/apps -I../Middlewares/Third_Party/FreeRTOS/Source/CMSIS_RTOS_V2 -I../Middlewares/Third_Party/LwIP/system/arch -I../Middlewares/Third_Party/LwIP/src/include -I../Middlewares/Third_Party/FreeRTOS/Source/portable/GCC/ARM_CM4F -I../LWIP/App -I../Drivers/CMSIS/Include -I../PMU -I../Core/Inc -I../Drivers/CMSIS/Device/ST/STM32H7xx/Include -I../LWIP/Target -I../Middlewares/Third_Party/LwIP/src/include/lwip -I../Drivers/STM32H7xx_HAL_Driver/Inc -I../Middlewares/Third_Party/LwIP/system -I../Middlewares/Third_Party/LwIP/src/include/netif -I../Drivers/BSP/Components/lan8742 -I../Middlewares/Third_Party/LwIP/src/include/compat/posix -I../Middlewares/Third_Party/LwIP/src/include/compat/posix/arpa -I../Middlewares/Third_Party/LwIP/src/include/compat/posix/net -I../Middlewares/Third_Party/LwIP/src/include/compat/posix/sys -I../Middlewares/Third_Party/LwIP/src/include/compat/stdc -O0 -ffunction-sections -fdata-sections -Wall -fstack-usage -MMD -MP -MF"Core/Src/stm32h7xx_hal_timebase_tim.d" -MT"Core/Src/stm32h7xx_hal_timebase_tim.o" --specs=nano.specs -mfpu=fpv5-d16 -mfloat-abi=hard -mthumb -o "Core/Src/stm32h7xx_hal_timebase_tim.o"
arm-none-eabi-gcc "../Core/Src/stm32h7xx_it.c" -mcpu=cortex-m7 -std=gnu11 -g3 -DUSE_HAL_DRIVER -DSTM32H743xx -DDEBUG -c -I../Middlewares/Third_Party/FreeRTOS/Source/include -I../Middlewares/Third_Party/LwIP/src/include/lwip/priv -I../Middlewares/Third_Party/LwIP/src/include/netif/ppp -I../Drivers/STM32H7xx_HAL_Driver/Inc/Legacy -I../Middlewares/Third_Party/LwIP/src/include/lwip/prot -I../Middlewares/Third_Party/LwIP/src/include/lwip/apps -I../Middlewares/Third_Party/FreeRTOS/Source/CMSIS_RTOS_V2 -I../Middlewares/Third_Party/LwIP/system/arch -I../Middlewares/Third_Party/LwIP/src/include -I../Middlewares/Third_Party/FreeRTOS/Source/portable/GCC/ARM_CM4F -I../LWIP/App -I../Drivers/CMSIS/Include -I../PMU -I../Core/Inc -I../Drivers/CMSIS/Device/ST/STM32H7xx/Include -I../LWIP/Target -I../Middlewares/Third_Party/LwIP/src/include/lwip -I../Drivers/STM32H7xx_HAL_Driver/Inc -I../Middlewares/Third_Party/LwIP/system -I../Middlewares/Third_Party/LwIP/src/include/netif -I../Drivers/BSP/Components/lan8742 -I../Middlewares/Third_Party/LwIP/src/include/compat/posix -I../Middlewares/Third_Party/LwIP/src/include/compat/posix/arpa -I../Middlewares/Third_Party/LwIP/src/include/compat/posix/net -I../Middlewares/Third_Party/LwIP/src/include/compat/posix/sys -I../Middlewares/Third_Party/LwIP/src/include/compat/stdc -O0 -ffunction-sections -fdata-sections -Wall -fstack-usage -MMD -MP -MF"Core/Src/stm32h7xx_it.d" -MT"Core/Src/stm32h7xx_it.o" --specs=nano.specs -mfpu=fpv5-d16 -mfloat-abi=hard -mthumb -o "Core/Src/stm32h7xx_it.o"
arm-none-eabi-gcc "../Core/Src/syscalls.c" -mcpu=cortex-m7 -std=gnu11 -g3 -DUSE_HAL_DRIVER -DSTM32H743xx -DDEBUG -c -I../Middlewares/Third_Party/FreeRTOS/Source/include -I../Middlewares/Third_Party/LwIP/src/include/lwip/priv -I../Middlewares/Third_Party/LwIP/src/include/netif/ppp -I../Drivers/STM32H7xx_HAL_Driver/Inc/Legacy -I../Middlewares/Third_Party/LwIP/src/include/lwip/prot -I../Middlewares/Third_Party/LwIP/src/include/lwip/apps -I../Middlewares/Third_Party/FreeRTOS/Source/CMSIS_RTOS_V2 -I../Middlewares/Third_Party/LwIP/system/arch -I../Middlewares/Third_Party/LwIP/src/include -I../Middlewares/Third_Party/FreeRTOS/Source/portable/GCC/ARM_CM4F -I../LWIP/App -I../Drivers/CMSIS/Include -I../PMU -I../Core/Inc -I../Drivers/CMSIS/Device/ST/STM32H7xx/Include -I../LWIP/Target -I../Middlewares/Third_Party/LwIP/src/include/lwip -I../Drivers/STM32H7xx_HAL_Driver/Inc -I../Middlewares/Third_Party/LwIP/system -I../Middlewares/Third_Party/LwIP/src/include/netif -I../Drivers/BSP/Components/lan8742 -I../Middlewares/Third_Party/LwIP/src/include/compat/posix -I../Middlewares/Third_Party/LwIP/src/include/compat/posix/arpa -I../Middlewares/Third_Party/LwIP/src/include/compat/posix/net -I../Middlewares/Third_Party/LwIP/src/include/compat/posix/sys -I../Middlewares/Third_Party/LwIP/src/include/compat/stdc -O0 -ffunction-sections -fdata-sections -Wall -fstack-usage -MMD -MP -MF"Core/Src/syscalls.d" -MT"Core/Src/syscalls.o" --specs=nano.specs -mfpu=fpv5-d16 -mfloat-abi=hard -mthumb -o "Core/Src/syscalls.o"
arm-none-eabi-gcc "../Core/Src/sysmem.c" -mcpu=cortex-m7 -std=gnu11 -g3 -DUSE_HAL_DRIVER -DSTM32H743xx -DDEBUG -c -I../Middlewares/Third_Party/FreeRTOS/Source/include -I../Middlewares/Third_Party/LwIP/src/include/lwip/priv -I../Middlewares/Third_Party/LwIP/src/include/netif/ppp -I../Drivers/STM32H7xx_HAL_Driver/Inc/Legacy -I../Middlewares/Third_Party/LwIP/src/include/lwip/prot -I../Middlewares/Third_Party/LwIP/src/include/lwip/apps -I../Middlewares/Third_Party/FreeRTOS/Source/CMSIS_RTOS_V2 -I../Middlewares/Third_Party/LwIP/system/arch -I../Middlewares/Third_Party/LwIP/src/include -I../Middlewares/Third_Party/FreeRTOS/Source/portable/GCC/ARM_CM4F -I../LWIP/App -I../Drivers/CMSIS/Include -I../PMU -I../Core/Inc -I../Drivers/CMSIS/Device/ST/STM32H7xx/Include -I../LWIP/Target -I../Middlewares/Third_Party/LwIP/src/include/lwip -I../Drivers/STM32H7xx_HAL_Driver/Inc -I../Middlewares/Third_Party/LwIP/system -I../Middlewares/Third_Party/LwIP/src/include/netif -I../Drivers/BSP/Components/lan8742 -I../Middlewares/Third_Party/LwIP/src/include/compat/posix -I../Middlewares/Third_Party/LwIP/src/include/compat/posix/arpa -I../Middlewares/Third_Party/LwIP/src/include/compat/posix/net -I../Middlewares/Third_Party/LwIP/src/include/compat/posix/sys -I../Middlewares/Third_Party/LwIP/src/include/compat/stdc -O0 -ffunction-sections -fdata-sections -Wall -fstack-usage -MMD -MP -MF"Core/Src/sysmem.d" -MT"Core/Src/sysmem.o" --specs=nano.specs -mfpu=fpv5-d16 -mfloat-abi=hard -mthumb -o "Core/Src/sysmem.o"
arm-none-eabi-gcc "../Core/Src/system_stm32h7xx.c" -mcpu=cortex-m7 -std=gnu11 -g3 -DUSE_HAL_DRIVER -DSTM32H743xx -DDEBUG -c -I../Middlewares/Third_Party/FreeRTOS/Source/include -I../Middlewares/Third_Party/LwIP/src/include/lwip/priv -I../Middlewares/Third_Party/LwIP/src/include/netif/ppp -I../Drivers/STM32H7xx_HAL_Driver/Inc/Legacy -I../Middlewares/Third_Party/LwIP/src/include/lwip/prot -I../Middlewares/Third_Party/LwIP/src/include/lwip/apps -I../Middlewares/Third_Party/FreeRTOS/Source/CMSIS_RTOS_V2 -I../Middlewares/Third_Party/LwIP/system/arch -I../Middlewares/Third_Party/LwIP/src/include -I../Middlewares/Third_Party/FreeRTOS/Source/portable/GCC/ARM_CM4F -I../LWIP/App -I../Drivers/CMSIS/Include -I../PMU -I../Core/Inc -I../Drivers/CMSIS/Device/ST/STM32H7xx/Include -I../LWIP/Target -I../Middlewares/Third_Party/LwIP/src/include/lwip -I../Drivers/STM32H7xx_HAL_Driver/Inc -I../Middlewares/Third_Party/LwIP/system -I../Middlewares/Third_Party/LwIP/src/include/netif -I../Drivers/BSP/Components/lan8742 -I../Middlewares/Third_Party/LwIP/src/include/compat/posix -I../Middlewares/Third_Party/LwIP/src/include/compat/posix/arpa -I../Middlewares/Third_Party/LwIP/src/include/compat/posix/net -I../Middlewares/Third_Party/LwIP/src/include/compat/posix/sys -I../Middlewares/Third_Party/LwIP/src/include/compat/stdc -O0 -ffunction-sections -fdata-sections -Wall -fstack-usage -MMD -MP -MF"Core/Src/system_stm32h7xx.d" -MT"Core/Src/system_stm32h7xx.o" --specs=nano.specs -mfpu=fpv5-d16 -mfloat-abi=hard -mthumb -o "Core/Src/system_stm32h7xx.o"
arm-none-eabi-gcc "../Core/Src/tim.c" -mcpu=cortex-m7 -std=gnu11 -g3 -DUSE_HAL_DRIVER -DSTM32H743xx -DDEBUG -c -I../Middlewares/Third_Party/FreeRTOS/Source/include -I../Middlewares/Third_Party/LwIP/src/include/lwip/priv -I../Middlewares/Third_Party/LwIP/src/include/netif/ppp -I../Drivers/STM32H7xx_HAL_Driver/Inc/Legacy -I../Middlewares/Third_Party/LwIP/src/include/lwip/prot -I../Middlewares/Third_Party/LwIP/src/include/lwip/apps -I../Middlewares/Third_Party/FreeRTOS/Source/CMSIS_RTOS_V2 -I../Middlewares/Third_Party/LwIP/system/arch -I../Middlewares/Third_Party/LwIP/src/include -I../Middlewares/Third_Party/FreeRTOS/Source/portable/GCC/ARM_CM4F -I../LWIP/App -I../Drivers/CMSIS/Include -I../PMU -I../Core/Inc -I../Drivers/CMSIS/Device/ST/STM32H7xx/Include -I../LWIP/Target -I../Middlewares/Third_Party/LwIP/src/include/lwip -I../Drivers/STM32H7xx_HAL_Driver/Inc -I../Middlewares/Third_Party/LwIP/system -I../Middlewares/Third_Party/LwIP/src/include/netif -I../Drivers/BSP/Components/lan8742 -I../Middlewares/Third_Party/LwIP/src/include/compat/posix -I../Middlewares/Third_Party/LwIP/src/include/compat/posix/arpa -I../Middlewares/Third_Party/LwIP/src/include/compat/posix/net -I../Middlewares/Third_Party/LwIP/src/include/compat/posix/sys -I../Middlewares/Third_Party/LwIP/src/include/compat/stdc -O0 -ffunction-sections -fdata-sections -Wall -fstack-usage -MMD -MP -MF"Core/Src/tim.d" -MT"Core/Src/tim.o" --specs=nano.specs -mfpu=fpv5-d16 -mfloat-abi=hard -mthumb -o "Core/Src/tim.o"
arm-none-eabi-gcc "../Core/Src/usart.c" -mcpu=cortex-m7 -std=gnu11 -g3 -DUSE_HAL_DRIVER -DSTM32H743xx -DDEBUG -c -I../Middlewares/Third_Party/FreeRTOS/Source/include -I../Middlewares/Third_Party/LwIP/src/include/lwip/priv -I../Middlewares/Third_Party/LwIP/src/include/netif/ppp -I../Drivers/STM32H7xx_HAL_Driver/Inc/Legacy -I../Middlewares/Third_Party/LwIP/src/include/lwip/prot -I../Middlewares/Third_Party/LwIP/src/include/lwip/apps -I../Middlewares/Third_Party/FreeRTOS/Source/CMSIS_RTOS_V2 -I../Middlewares/Third_Party/LwIP/system/arch -I../Middlewares/Third_Party/LwIP/src/include -I../Middlewares/Third_Party/FreeRTOS/Source/portable/GCC/ARM_CM4F -I../LWIP/App -I../Drivers/CMSIS/Include -I../PMU -I../Core/Inc -I../Drivers/CMSIS/Device/ST/STM32H7xx/Include -I../LWIP/Target -I../Middlewares/Third_Party/LwIP/src/include/lwip -I../Drivers/STM32H7xx_HAL_Driver/Inc -I../Middlewares/Third_Party/LwIP/system -I../Middlewares/Third_Party/LwIP/src/include/netif -I../Drivers/BSP/Components/lan8742 -I../Middlewares/Third_Party/LwIP/src/include/compat/posix -I../Middlewares/Third_Party/LwIP/src/include/compat/posix/arpa -I../Middlewares/Third_Party/LwIP/src/include/compat/posix/net -I../Middlewares/Third_Party/LwIP/src/include/compat/posix/sys -I../Middlewares/Third_Party/LwIP/src/include/compat/stdc -O0 -ffunction-sections -fdata-sections -Wall -fstack-usage -MMD -MP -MF"Core/Src/usart.d" -MT"Core/Src/usart.o" --specs=nano.specs -mfpu=fpv5-d16 -mfloat-abi=hard -mthumb -o "Core/Src/usart.o"
arm-none-eabi-gcc -o "xPmu_H7.elf" @"objects.list"   -mcpu=cortex-m7 -T"C:\Source\xmu\firmware\xPmu_H7\STM32H743IITX_FLASH.ld" --specs=nosys.specs -Wl,-Map="xPmu_H7.map" -Wl,--gc-sections -static --specs=nano.specs -mfpu=fpv5-d16 -mfloat-abi=hard -mthumb -Wl,--start-group -lc -lm -Wl,--end-group
Finished building target: xPmu_H7.elf
 
arm-none-eabi-size   xPmu_H7.elf 
arm-none-eabi-objdump -h -S  xPmu_H7.elf  > "xPmu_H7.list"
arm-none-eabi-objcopy  -O binary  xPmu_H7.elf  "xPmu_H7.bin"
   text	   data	    bss	    dec	    hex	filename
 822672	    164	 362312	1185148	 12157c	xPmu_H7.elf
Finished building: default.size.stdout
 
Finished building: xPmu_H7.bin
 
Finished building: xPmu_H7.list
 
